<html>
<body>
<pre>
<h1>µVision Build Log</h1>
<h2>Project:</h2>
C:\Users\Administrator\Documents\GitHub\407_·Ö²¹\fen_bu\uCOSII2.91+UCGUI3.90A\MDK_Project\Project.uvproj
Project File Date:  11/29/2013

<h2>Output:</h2>
Build target 'Target 1'
compiling main.c...
..\User\main.c(2891): warning:  #1035-D: single-precision operand implicitly converted to double-precision
..\User\main.c(3002): warning:  #1035-D: single-precision operand implicitly converted to double-precision
..\User\main.c(3121): warning:  #1035-D: single-precision operand implicitly converted to double-precision
..\User\main.c(3358): warning:  #1035-D: single-precision operand implicitly converted to double-precision
..\User\main.c(3441): warning:  #1035-D: single-precision operand implicitly converted to double-precision
..\User\main.c(3545): warning:  #1035-D: single-precision operand implicitly converted to double-precision
..\User\main.c(2661): warning:  #177-D: variable "s" was declared but never referenced
..\User\main.c(2662): warning:  #550-D: variable "status" was set but never used
..\User\main.c(2685): warning:  #550-D: variable "wugongkvar_95" was set but never used
..\User\main.c(5372): warning:  #177-D: variable "warning_flag" was declared but never referenced
linking...
Program Size: Code=44108 RO-data=27124 RW-data=368 ZI-data=51512  
FromELF: creating hex file...
".\Out\Project.axf" - 0 Error(s), 10 Warning(s).
