ARM Linker, 4.1 [Build 894] [Professional]

==============================================================================

Section Cross References

    main.o(i.ADC1_CH1_DMA_Config_CA) refers to stm32f4xx_adc.o(i.ADC_RegularChannelConfig) for ADC_RegularChannelConfig
    main.o(i.ADC1_CH1_DMA_Config_CA) refers to stm32f4xx_adc.o(i.ADC_SoftwareStartConv) for ADC_SoftwareStartConv
    main.o(i.ADC1_CH1_DMA_Config_VC_phase) refers to stm32f4xx_adc.o(i.ADC_RegularChannelConfig) for ADC_RegularChannelConfig
    main.o(i.ADC1_CH1_DMA_Config_VC_phase) refers to stm32f4xx_adc.o(i.ADC_SoftwareStartConv) for ADC_SoftwareStartConv
    main.o(i.ADC1_CH4_DMA_Config_CB) refers to stm32f4xx_adc.o(i.ADC_RegularChannelConfig) for ADC_RegularChannelConfig
    main.o(i.ADC1_CH4_DMA_Config_CB) refers to stm32f4xx_adc.o(i.ADC_SoftwareStartConv) for ADC_SoftwareStartConv
    main.o(i.ADC1_CH7_DMA_Config_CC) refers to stm32f4xx_adc.o(i.ADC_RegularChannelConfig) for ADC_RegularChannelConfig
    main.o(i.ADC1_CH7_DMA_Config_CC) refers to stm32f4xx_adc.o(i.ADC_SoftwareStartConv) for ADC_SoftwareStartConv
    main.o(i.ADC2_CH13_DMA_Config_A1) refers to stm32f4xx_adc.o(i.ADC_RegularChannelConfig) for ADC_RegularChannelConfig
    main.o(i.ADC2_CH13_DMA_Config_A1) refers to stm32f4xx_adc.o(i.ADC_SoftwareStartConv) for ADC_SoftwareStartConv
    main.o(i.ADC2_CH14_DMA_Config_B1) refers to stm32f4xx_adc.o(i.ADC_RegularChannelConfig) for ADC_RegularChannelConfig
    main.o(i.ADC2_CH14_DMA_Config_B1) refers to stm32f4xx_adc.o(i.ADC_SoftwareStartConv) for ADC_SoftwareStartConv
    main.o(i.ADC2_CH15_DMA_Config_C1) refers to stm32f4xx_adc.o(i.ADC_RegularChannelConfig) for ADC_RegularChannelConfig
    main.o(i.ADC2_CH15_DMA_Config_C1) refers to stm32f4xx_adc.o(i.ADC_SoftwareStartConv) for ADC_SoftwareStartConv
    main.o(i.ADC2_CH8_DMA_Config_VEE) refers to stm32f4xx_rcc.o(i.RCC_AHB1PeriphClockCmd) for RCC_AHB1PeriphClockCmd
    main.o(i.ADC2_CH8_DMA_Config_VEE) refers to stm32f4xx_rcc.o(i.RCC_APB2PeriphClockCmd) for RCC_APB2PeriphClockCmd
    main.o(i.ADC2_CH8_DMA_Config_VEE) refers to stm32f4xx_dma.o(i.DMA_Init) for DMA_Init
    main.o(i.ADC2_CH8_DMA_Config_VEE) refers to stm32f4xx_dma.o(i.DMA_Cmd) for DMA_Cmd
    main.o(i.ADC2_CH8_DMA_Config_VEE) refers to stm32f4xx_gpio.o(i.GPIO_Init) for GPIO_Init
    main.o(i.ADC2_CH8_DMA_Config_VEE) refers to stm32f4xx_adc.o(i.ADC_CommonInit) for ADC_CommonInit
    main.o(i.ADC2_CH8_DMA_Config_VEE) refers to stm32f4xx_adc.o(i.ADC_Init) for ADC_Init
    main.o(i.ADC2_CH8_DMA_Config_VEE) refers to stm32f4xx_adc.o(i.ADC_RegularChannelConfig) for ADC_RegularChannelConfig
    main.o(i.ADC2_CH8_DMA_Config_VEE) refers to stm32f4xx_adc.o(i.ADC_DMARequestAfterLastTransferCmd) for ADC_DMARequestAfterLastTransferCmd
    main.o(i.ADC2_CH8_DMA_Config_VEE) refers to stm32f4xx_adc.o(i.ADC_DMACmd) for ADC_DMACmd
    main.o(i.ADC2_CH8_DMA_Config_VEE) refers to stm32f4xx_adc.o(i.ADC_Cmd) for ADC_Cmd
    main.o(i.ADC2_CH8_DMA_Config_VEE) refers to stm32f4xx_adc.o(i.ADC_SoftwareStartConv) for ADC_SoftwareStartConv
    main.o(i.ADC2_CH8_DMA_Config_VEE) refers to main.o(.data) for .data
    main.o(i.ADC3_CH10_DMA_Config_VA) refers to stm32f4xx_adc.o(i.ADC_RegularChannelConfig) for ADC_RegularChannelConfig
    main.o(i.ADC3_CH10_DMA_Config_VA) refers to stm32f4xx_adc.o(i.ADC_SoftwareStartConv) for ADC_SoftwareStartConv
    main.o(i.ADC3_CH11_DMA_Config_VB) refers to stm32f4xx_adc.o(i.ADC_RegularChannelConfig) for ADC_RegularChannelConfig
    main.o(i.ADC3_CH11_DMA_Config_VB) refers to stm32f4xx_adc.o(i.ADC_SoftwareStartConv) for ADC_SoftwareStartConv
    main.o(i.ADC3_CH12_DMA_Config_VC) refers to stm32f4xx_adc.o(i.ADC_RegularChannelConfig) for ADC_RegularChannelConfig
    main.o(i.ADC3_CH12_DMA_Config_VC) refers to stm32f4xx_adc.o(i.ADC_SoftwareStartConv) for ADC_SoftwareStartConv
    main.o(i.App_TaskCreate) refers to os_mbox.o(i.OSMboxCreate) for OSMboxCreate
    main.o(i.App_TaskCreate) refers to os_sem.o(i.OSSemCreate) for OSSemCreate
    main.o(i.App_TaskCreate) refers to os_task.o(i.OSTaskNameSet) for OSTaskNameSet
    main.o(i.App_TaskCreate) refers to os_task.o(i.OSTaskCreate) for OSTaskCreate
    main.o(i.App_TaskCreate) refers to main.o(.data) for .data
    main.o(i.App_TaskCreate) refers to main.o(.bss) for .bss
    main.o(i.App_TaskCreate) refers to main.o(i.App_TaskLCD) for App_TaskLCD
    main.o(i.App_TaskCreate) refers to main.o(i.App_Taskcomputer) for App_Taskcomputer
    main.o(i.App_TaskCreate) refers to main.o(i.App_TaskMaster) for App_TaskMaster
    main.o(i.App_TaskCreate) refers to main.o(i.App_Taskslave_three) for App_Taskslave_three
    main.o(i.App_TaskCreate) refers to main.o(i.SETID_task) for SETID_task
    main.o(i.App_TaskCreate) refers to main.o(i.urgent_task) for urgent_task
    main.o(i.App_TaskLCD) refers to key.o(i.key_idset) for key_idset
    main.o(i.App_TaskLCD) refers to delay.o(i.delay_ms) for delay_ms
    main.o(i.App_TaskMaster) refers to os_task.o(i.OSTaskSuspend) for OSTaskSuspend
[...]
    __scatterload_null                       0x0800019f   Thumb Code     0  __scatter.o(!!!scatter)
    __decompress                             0x080001c5   Thumb Code    90  __dczerorl2.o(!!dczerorl2)
    __decompress1                            0x080001c5   Thumb Code     0  __dczerorl2.o(!!dczerorl2)
    __scatterload_zeroinit                   0x08000221   Thumb Code    28  __scatter_zi.o(!!handler_zi)
    __rt_lib_init                            0x0800023d   Thumb Code     0  libinit.o(.ARM.Collect$$libinit$$00000000)
    __rt_lib_init_alloca_1                   0x08000243   Thumb Code     0  libinit2.o(.ARM.Collect$$libinit$$0000002A)
    __rt_lib_init_argv_1                     0x08000243   Thumb Code     0  libinit2.o(.ARM.Collect$$libinit$$00000028)
    __rt_lib_init_atexit_1                   0x08000243   Thumb Code     0  libinit2.o(.ARM.Collect$$libinit$$00000017)
    __rt_lib_init_clock_1                    0x08000243   Thumb Code     0  libinit2.o(.ARM.Collect$$libinit$$0000001D)
    __rt_lib_init_cpp_1                      0x08000243   Thumb Code     0  libinit2.o(.ARM.Collect$$libinit$$0000002E)
    __rt_lib_init_exceptions_1               0x08000243   Thumb Code     0  libinit2.o(.ARM.Collect$$libinit$$0000002C)
    __rt_lib_init_fp_trap_1                  0x08000243   Thumb Code     0  libinit2.o(.ARM.Collect$$libinit$$0000001B)
    __rt_lib_init_getenv_1                   0x08000243   Thumb Code     0  libinit2.o(.ARM.Collect$$libinit$$0000001F)
    __rt_lib_init_heap_1                     0x08000243   Thumb Code     0  libinit2.o(.ARM.Collect$$libinit$$00000006)
    __rt_lib_init_lc_collate_1               0x08000243   Thumb Code     0  libinit2.o(.ARM.Collect$$libinit$$0000000D)
    __rt_lib_init_lc_ctype_1                 0x08000243   Thumb Code     0  libinit2.o(.ARM.Collect$$libinit$$0000000F)
    __rt_lib_init_lc_monetary_1              0x08000243   Thumb Code     0  libinit2.o(.ARM.Collect$$libinit$$00000011)
    __rt_lib_init_lc_numeric_1               0x08000243   Thumb Code     0  libinit2.o(.ARM.Collect$$libinit$$00000013)
    __rt_lib_init_lc_time_1                  0x08000243   Thumb Code     0  libinit2.o(.ARM.Collect$$libinit$$00000015)
    __rt_lib_init_rand_1                     0x08000243   Thumb Code     0  libinit2.o(.ARM.Collect$$libinit$$0000000A)
    __rt_lib_init_return                     0x08000243   Thumb Code     0  libinit2.o(.ARM.Collect$$libinit$$0000002F)
    __rt_lib_init_signal_1                   0x08000243   Thumb Code     0  libinit2.o(.ARM.Collect$$libinit$$00000019)
    __rt_lib_init_stdio_1                    0x08000243   Thumb Code     0  libinit2.o(.ARM.Collect$$libinit$$00000021)
    __rt_lib_init_user_alloc_1               0x08000243   Thumb Code     0  libinit2.o(.ARM.Collect$$libinit$$00000008)
    __rt_lib_shutdown                        0x08000245   Thumb Code     0  libshutdown.o(.ARM.Collect$$libshutdown$$00000000)
    __rt_lib_shutdown_fp_trap_1              0x08000247   Thumb Code     0  libshutdown2.o(.ARM.Collect$$libshutdown$$00000006)
    __rt_lib_shutdown_heap_1                 0x08000247   Thumb Code     0  libshutdown2.o(.ARM.Collect$$libshutdown$$0000000E)
    __rt_lib_shutdown_return                 0x08000247   Thumb Code     0  libshutdown2.o(.ARM.Collect$$libshutdown$$0000000F)
    __rt_lib_shutdown_signal_1               0x08000247   Thumb Code     0  libshutdown2.o(.ARM.Collect$$libshutdown$$00000009)
    __rt_lib_shutdown_stdio_1                0x08000247   Thumb Code     0  libshutdown2.o(.ARM.Collect$$libshutdown$$00000003)
    __rt_lib_shutdown_user_alloc_1           0x08000247   Thumb Code     0  libshutdown2.o(.ARM.Collect$$libshutdown$$0000000B)
    __rt_entry                               0x08000249   Thumb Code     0  rtentry.o(.ARM.Collect$$rtentry$$00000000)
    __rt_entry_presh_1                       0x08000249   Thumb Code     0  rtentry2.o(.ARM.Collect$$rtentry$$00000002)
    __rt_entry_sh                            0x08000249   Thumb Code     0  rtentry4.o(.ARM.Collect$$rtentry$$00000004)
    __rt_entry_li                            0x0800024f   Thumb Code     0  rtentry2.o(.ARM.Collect$$rtentry$$0000000A)
    __rt_entry_postsh_1                      0x0800024f   Thumb Code     0  rtentry2.o(.ARM.Collect$$rtentry$$00000009)
    __rt_entry_main                          0x08000253   Thumb Code     0  rtentry2.o(.ARM.Collect$$rtentry$$0000000D)
    __rt_entry_postli_1                      0x08000253   Thumb Code     0  rtentry2.o(.ARM.Collect$$rtentry$$0000000C)
    __rt_exit                                0x0800025b   Thumb Code     0  rtexit.o(.ARM.Collect$$rtexit$$00000000)
    __rt_exit_ls                             0x0800025d   Thumb Code     0  rtexit2.o(.ARM.Collect$$rtexit$$00000003)
    __rt_exit_prels_1                        0x0800025d   Thumb Code     0  rtexit2.o(.ARM.Collect$$rtexit$$00000002)
    __rt_exit_exit                           0x08000261   Thumb Code     0  rtexit2.o(.ARM.Collect$$rtexit$$00000004)
    Reset_Handler                            0x08000269   Thumb Code     8  startup_stm32f4xx.o(.text)
    ADC_IRQHandler                           0x08000283   Thumb Code     0  startup_stm32f4xx.o(.text)
    CAN1_RX0_IRQHandler                      0x08000283   Thumb Code     0  startup_stm32f4xx.o(.text)
    CAN1_RX1_IRQHandler                      0x08000283   Thumb Code     0  startup_stm32f4xx.o(.text)
    CAN1_SCE_IRQHandler                      0x08000283   Thumb Code     0  startup_stm32f4xx.o(.text)
    CAN1_TX_IRQHandler                       0x08000283   Thumb Code     0  startup_stm32f4xx.o(.text)
    CAN2_RX0_IRQHandler                      0x08000283   Thumb Code     0  startup_stm32f4xx.o(.text)
    CAN2_RX1_IRQHandler                      0x08000283   Thumb Code     0  startup_stm32f4xx.o(.text)
    CAN2_SCE_IRQHandler                      0x08000283   Thumb Code     0  startup_stm32f4xx.o(.text)
    CAN2_TX_IRQHandler                       0x08000283   Thumb Code     0  startup_stm32f4xx.o(.text)
    CRYP_IRQHandler                          0x08000283   Thumb Code     0  startup_stm32f4xx.o(.text)
    DCMI_IRQHandler                          0x08000283   Thumb Code     0  startup_stm32f4xx.o(.text)
    DMA1_Stream0_IRQHandler                  0x08000283   Thumb Code     0  startup_stm32f4xx.o(.text)
    DMA1_Stream1_IRQHandler                  0x08000283   Thumb Code     0  startup_stm32f4xx.o(.text)
    DMA1_Stream2_IRQHandler                  0x08000283   Thumb Code     0  startup_stm32f4xx.o(.text)
    DMA1_Stream3_IRQHandler                  0x08000283   Thumb Code     0  startup_stm32f4xx.o(.text)
    DMA1_Stream4_IRQHandler                  0x08000283   Thumb Code     0  startup_stm32f4xx.o(.text)
    DMA1_Stream5_IRQHandler                  0x08000283   Thumb Code     0  startup_stm32f4xx.o(.text)
    DMA1_Stream6_IRQHandler                  0x08000283   Thumb Code     0  startup_stm32f4xx.o(.text)
    DMA1_Stream7_IRQHandler                  0x08000283   Thumb Code     0  startup_stm32f4xx.o(.text)
    DMA2_Stream0_IRQHandler                  0x08000283   Thumb Code     0  startup_stm32f4xx.o(.text)
    DMA2_Stream1_IRQHandler                  0x08000283   Thumb Code     0  startup_stm32f4xx.o(.text)
    DMA2_Stream2_IRQHandler                  0x08000283   Thumb Code     0  startup_stm32f4xx.o(.text)
    DMA2_Stream3_IRQHandler                  0x08000283   Thumb Code     0  startup_stm32f4xx.o(.text)
    DMA2_Stream4_IRQHandler                  0x08000283   Thumb Code     0  startup_stm32f4xx.o(.text)
    DMA2_Stream5_IRQHandler                  0x08000283   Thumb Code     0  startup_stm32f4xx.o(.text)
    DMA2_Stream6_IRQHandler                  0x08000283   Thumb Code     0  startup_stm32f4xx.o(.text)
    DMA2_Stream7_IRQHandler                  0x08000283   Thumb Code     0  startup_stm32f4xx.o(.text)
    ETH_IRQHandler                           0x08000283   Thumb Code     0  startup_stm32f4xx.o(.text)
    ETH_WKUP_IRQHandler                      0x08000283   Thumb Code     0  startup_stm32f4xx.o(.text)
    EXTI0_IRQHandler                         0x08000283   Thumb Code     0  startup_stm32f4xx.o(.text)
    EXTI1_IRQHandler                         0x08000283   Thumb Code     0  startup_stm32f4xx.o(.text)
    EXTI2_IRQHandler                         0x08000283   Thumb Code     0  startup_stm32f4xx.o(.text)
    EXTI3_IRQHandler                         0x08000283   Thumb Code     0  startup_stm32f4xx.o(.text)
    EXTI4_IRQHandler                         0x08000283   Thumb Code     0  startup_stm32f4xx.o(.text)
    EXTI9_5_IRQHandler                       0x08000283   Thumb Code     0  startup_stm32f4xx.o(.text)
    FLASH_IRQHandler                         0x08000283   Thumb Code     0  startup_stm32f4xx.o(.text)
    FPU_IRQHandler                           0x08000283   Thumb Code     0  startup_stm32f4xx.o(.text)
    FSMC_IRQHandler                          0x08000283   Thumb Code     0  startup_stm32f4xx.o(.text)
    HASH_RNG_IRQHandler                      0x08000283   Thumb Code     0  startup_stm32f4xx.o(.text)
    I2C1_ER_IRQHandler                       0x08000283   Thumb Code     0  startup_stm32f4xx.o(.text)
    I2C1_EV_IRQHandler                       0x08000283   Thumb Code     0  startup_stm32f4xx.o(.text)
    I2C2_ER_IRQHandler                       0x08000283   Thumb Code     0  startup_stm32f4xx.o(.text)
    I2C2_EV_IRQHandler                       0x08000283   Thumb Code     0  startup_stm32f4xx.o(.text)
    I2C3_ER_IRQHandler                       0x08000283   Thumb Code     0  startup_stm32f4xx.o(.text)
    I2C3_EV_IRQHandler                       0x08000283   Thumb Code     0  startup_stm32f4xx.o(.text)
    OTG_FS_IRQHandler                        0x08000283   Thumb Code     0  startup_stm32f4xx.o(.text)
    OTG_FS_WKUP_IRQHandler                   0x08000283   Thumb Code     0  startup_stm32f4xx.o(.text)
    OTG_HS_EP1_IN_IRQHandler                 0x08000283   Thumb Code     0  startup_stm32f4xx.o(.text)
    OTG_HS_EP1_OUT_IRQHandler                0x08000283   Thumb Code     0  startup_stm32f4xx.o(.text)
    OTG_HS_IRQHandler                        0x08000283   Thumb Code     0  startup_stm32f4xx.o(.text)
    OTG_HS_WKUP_IRQHandler                   0x08000283   Thumb Code     0  startup_stm32f4xx.o(.text)
    PVD_IRQHandler                           0x08000283   Thumb Code     0  startup_stm32f4xx.o(.text)
    RCC_IRQHandler                           0x08000283   Thumb Code     0  startup_stm32f4xx.o(.text)
    RTC_Alarm_IRQHandler                     0x08000283   Thumb Code     0  startup_stm32f4xx.o(.text)
    RTC_WKUP_IRQHandler                      0x08000283   Thumb Code     0  startup_stm32f4xx.o(.text)
    SDIO_IRQHandler                          0x08000283   Thumb Code     0  startup_stm32f4xx.o(.text)
    SPI1_IRQHandler                          0x08000283   Thumb Code     0  startup_stm32f4xx.o(.text)
    SPI2_IRQHandler                          0x08000283   Thumb Code     0  startup_stm32f4xx.o(.text)
    SPI3_IRQHandler                          0x08000283   Thumb Code     0  startup_stm32f4xx.o(.text)
    TAMP_STAMP_IRQHandler                    0x08000283   Thumb Code     0  startup_stm32f4xx.o(.text)
    TIM1_BRK_TIM9_IRQHandler                 0x08000283   Thumb Code     0  startup_stm32f4xx.o(.text)
    TIM1_CC_IRQHandler                       0x08000283   Thumb Code     0  startup_stm32f4xx.o(.text)
    TIM1_TRG_COM_TIM11_IRQHandler            0x08000283   Thumb Code     0  startup_stm32f4xx.o(.text)
    TIM1_UP_TIM10_IRQHandler                 0x08000283   Thumb Code     0  startup_stm32f4xx.o(.text)
    TIM2_IRQHandler                          0x08000283   Thumb Code     0  startup_stm32f4xx.o(.text)
    TIM4_IRQHandler                          0x08000283   Thumb Code     0  startup_stm32f4xx.o(.text)
    TIM5_IRQHandler                          0x08000283   Thumb Code     0  startup_stm32f4xx.o(.text)
    TIM6_DAC_IRQHandler                      0x08000283   Thumb Code     0  startup_stm32f4xx.o(.text)
    TIM7_IRQHandler                          0x08000283   Thumb Code     0  startup_stm32f4xx.o(.text)
    TIM8_BRK_TIM12_IRQHandler                0x08000283   Thumb Code     0  startup_stm32f4xx.o(.text)
    TIM8_CC_IRQHandler                       0x08000283   Thumb Code     0  startup_stm32f4xx.o(.text)
    TIM8_TRG_COM_TIM14_IRQHandler            0x08000283   Thumb Code     0  startup_stm32f4xx.o(.text)
    TIM8_UP_TIM13_IRQHandler                 0x08000283   Thumb Code     0  startup_stm32f4xx.o(.text)
    UART4_IRQHandler                         0x08000283   Thumb Code     0  startup_stm32f4xx.o(.text)
    UART5_IRQHandler                         0x08000283   Thumb Code     0  startup_stm32f4xx.o(.text)
    USART1_IRQHandler                        0x08000283   Thumb Code     0  startup_stm32f4xx.o(.text)
    USART6_IRQHandler                        0x08000283   Thumb Code     0  startup_stm32f4xx.o(.text)
    WWDG_IRQHandler                          0x08000283   Thumb Code     0  startup_stm32f4xx.o(.text)
    __user_initial_stackheap                 0x08000285   Thumb Code     0  startup_stm32f4xx.o(.text)
    OS_CPU_SR_Save                           0x080002a9   Thumb Code     0  os_cpu_a.o(.text)
    OS_CPU_SR_Restore                        0x080002b1   Thumb Code     0  os_cpu_a.o(.text)
    OSStartHighRdy                           0x080002b7   Thumb Code     0  os_cpu_a.o(.text)
    OSCtxSw                                  0x080002d7   Thumb Code     0  os_cpu_a.o(.text)
    OSIntCtxSw                               0x080002e1   Thumb Code     0  os_cpu_a.o(.text)
    PendSV_Handler                           0x080002eb   Thumb Code     0  os_cpu_a.o(.text)
    CPU_IntDis                               0x0800034d   Thumb Code     0  cpu_a.o(.text)
    CPU_IntEn                                0x08000351   Thumb Code     0  cpu_a.o(.text)
    CPU_SR_Save                              0x08000355   Thumb Code     0  cpu_a.o(.text)
    CPU_SR_Restore                           0x0800035d   Thumb Code     0  cpu_a.o(.text)
    CPU_CntLeadZeros                         0x08000363   Thumb Code     0  cpu_a.o(.text)
    CPU_RevBits                              0x08000369   Thumb Code     0  cpu_a.o(.text)
    CPU_WaitForInt                           0x0800036f   Thumb Code     0  cpu_a.o(.text)
    CPU_WaitForExcept                        0x08000373   Thumb Code     0  cpu_a.o(.text)
    arm_cos_f32                              0x08000379   Thumb Code   188  arm_cos_f32.o(.text)
    arm_cmplx_mag_f32                        0x08000449   Thumb Code   236  arm_cmplx_mag_f32.o(.text)
    arm_split_rfft_f32                       0x08000539   Thumb Code   212  arm_rfft_f32.o(.text)
    arm_split_rifft_f32                      0x0800060d   Thumb Code   108  arm_rfft_f32.o(.text)
    arm_rfft_f32                             0x08000679   Thumb Code   232  arm_rfft_f32.o(.text)
    arm_rfft_init_f32                        0x08000765   Thumb Code   110  arm_rfft_init_f32.o(.text)
    arm_max_f32                              0x080007d9   Thumb Code   124  arm_max_f32.o(.text)
    arm_bitreversal_f32                      0x08000855   Thumb Code   176  arm_cfft_radix4_f32.o(.text)
    arm_radix4_butterfly_f32                 0x08000905   Thumb Code   836  arm_cfft_radix4_f32.o(.text)
    arm_radix4_butterfly_inverse_f32         0x08000c49   Thumb Code   868  arm_cfft_radix4_f32.o(.text)
    arm_cfft_radix4_f32                      0x08000fad   Thumb Code    58  arm_cfft_radix4_f32.o(.text)
    arm_cfft_radix4_init_f32                 0x08000fe9   Thumb Code   116  arm_cfft_radix4_init_f32.o(.text)
    __aeabi_memcpy4                          0x08001081   Thumb Code     0  rt_memcpy_w.o(.text)
    __aeabi_memcpy8                          0x08001081   Thumb Code     0  rt_memcpy_w.o(.text)
    __rt_memcpy_w                            0x08001081   Thumb Code   100  rt_memcpy_w.o(.text)
    _memcpy_lastbytes_aligned                0x080010c9   Thumb Code     0  rt_memcpy_w.o(.text)
    __use_two_region_memory                  0x080010e5   Thumb Code     2  heapauxi.o(.text)
    __rt_heap_escrow$2region                 0x080010e7   Thumb Code     2  heapauxi.o(.text)
    __rt_heap_expand$2region                 0x080010e9   Thumb Code     2  heapauxi.o(.text)
    __user_libspace                          0x080010ed   Thumb Code     8  libspace.o(.text)
    __user_perproc_libspace                  0x080010ed   Thumb Code     0  libspace.o(.text)
    __user_perthread_libspace                0x080010ed   Thumb Code     0  libspace.o(.text)
    __user_setup_stackheap                   0x080010f5   Thumb Code    74  sys_stackheap_outer.o(.text)
    exit                                     0x0800113f   Thumb Code    12  exit.o(.text)
    __I$use$semihosting                      0x0800114b   Thumb Code     0  use_no_semi.o(.text)
    __use_no_semihosting_swi                 0x0800114b   Thumb Code     2  use_no_semi.o(.text)
    __semihosting_library_function           0x0800114d   Thumb Code     0  indicate_semi.o(.text)
    _sys_exit                                0x0800114d   Thumb Code     8  sys_exit.o(.text)
    ADC1_CH1_DMA_Config_CA                   0x08001159   Thumb Code    26  main.o(i.ADC1_CH1_DMA_Config_CA)
    ADC1_CH1_DMA_Config_VC_phase             0x08001179   Thumb Code    26  main.o(i.ADC1_CH1_DMA_Config_VC_phase)
    ADC1_CH4_DMA_Config_CB                   0x08001199   Thumb Code    26  main.o(i.ADC1_CH4_DMA_Config_CB)
    ADC1_CH7_DMA_Config_CC                   0x080011b9   Thumb Code    26  main.o(i.ADC1_CH7_DMA_Config_CC)
    ADC2_CH13_DMA_Config_A1                  0x080011d9   Thumb Code    26  main.o(i.ADC2_CH13_DMA_Config_A1)
    ADC2_CH14_DMA_Config_B1                  0x080011f9   Thumb Code    26  main.o(i.ADC2_CH14_DMA_Config_B1)
    ADC2_CH15_DMA_Config_C1                  0x08001219   Thumb Code    26  main.o(i.ADC2_CH15_DMA_Config_C1)
    ADC2_CH8_DMA_Config_VEE                  0x08001239   Thumb Code   196  main.o(i.ADC2_CH8_DMA_Config_VEE)
    ADC3_CH10_DMA_Config_VA                  0x08001311   Thumb Code    26  main.o(i.ADC3_CH10_DMA_Config_VA)
    ADC3_CH11_DMA_Config_VB                  0x08001331   Thumb Code    26  main.o(i.ADC3_CH11_DMA_Config_VB)
    ADC3_CH12_DMA_Config_VC                  0x08001351   Thumb Code    26  main.o(i.ADC3_CH12_DMA_Config_VC)
    ADC_Cmd                                  0x08001371   Thumb Code    20  stm32f4xx_adc.o(i.ADC_Cmd)
    ADC_CommonInit                           0x08001385   Thumb Code    40  stm32f4xx_adc.o(i.ADC_CommonInit)
    ADC_DMACmd                               0x080013b5   Thumb Code    20  stm32f4xx_adc.o(i.ADC_DMACmd)
    ADC_DMARequestAfterLastTransferCmd       0x080013c9   Thumb Code    20  stm32f4xx_adc.o(i.ADC_DMARequestAfterLastTransferCmd)
    ADC_Init                                 0x080013dd   Thumb Code    66  stm32f4xx_adc.o(i.ADC_Init)
    ADC_RegularChannelConfig                 0x08001429   Thumb Code   116  stm32f4xx_adc.o(i.ADC_RegularChannelConfig)
    ADC_SoftwareStartConv                    0x0800149d   Thumb Code    10  stm32f4xx_adc.o(i.ADC_SoftwareStartConv)
    AT24CXX_Init                             0x080014a7   Thumb Code     4  24cxx.o(i.AT24CXX_Init)
    AT24CXX_ReadOneByte                      0x080014ab   Thumb Code    68  24cxx.o(i.AT24CXX_ReadOneByte)
    AT24CXX_WriteOneByte                     0x080014ef   Thumb Code    64  24cxx.o(i.AT24CXX_WriteOneByte)
    App_TCBInitHook                          0x0800152f   Thumb Code     2  os_apphooks.o(i.App_TCBInitHook)
    App_TaskCreateHook                       0x080015f1   Thumb Code     4  os_apphooks.o(i.App_TaskCreateHook)
    App_TaskIdleHook                         0x080015f5   Thumb Code     2  os_apphooks.o(i.App_TaskIdleHook)
    App_TaskStatHook                         0x08001695   Thumb Code     2  os_apphooks.o(i.App_TaskStatHook)
    App_TaskSwHook                           0x08001697   Thumb Code     4  os_apphooks.o(i.App_TaskSwHook)
    App_TimeTickHook                         0x08001755   Thumb Code     4  os_apphooks.o(i.App_TimeTickHook)
    BusFault_Handler                         0x08001759   Thumb Code     2  stm32f4xx_it.o(i.BusFault_Handler)
    Clera_lcd                                0x0800175b   Thumb Code    32  ht1621.o(i.Clera_lcd)
    DMA_Cmd                                  0x0800177b   Thumb Code    20  stm32f4xx_dma.o(i.DMA_Cmd)
    DMA_Init                                 0x08001791   Thumb Code    80  stm32f4xx_dma.o(i.DMA_Init)
    DebugMon_Handler                         0x080017e5   Thumb Code     2  stm32f4xx_it.o(i.DebugMon_Handler)
    EXTI15_10_IRQHandler                     0x080017e9   Thumb Code    40  main.o(i.EXTI15_10_IRQHandler)
    EXTI_ClearITPendingBit                   0x08001815   Thumb Code     6  stm32f4xx_exti.o(i.EXTI_ClearITPendingBit)
    EXTI_Configuration                       0x08001821   Thumb Code   110  main.o(i.EXTI_Configuration)
    EXTI_GenerateSWInterrupt                 0x08001895   Thumb Code    10  stm32f4xx_exti.o(i.EXTI_GenerateSWInterrupt)
    EXTI_GetITStatus                         0x080018a5   Thumb Code    28  stm32f4xx_exti.o(i.EXTI_GetITStatus)
    EXTI_Init                                0x080018c5   Thumb Code   112  stm32f4xx_exti.o(i.EXTI_Init)
    GPIO_Init                                0x08001939   Thumb Code   124  stm32f4xx_gpio.o(i.GPIO_Init)
    GPIO_PinAFConfig                         0x080019b5   Thumb Code    32  stm32f4xx_gpio.o(i.GPIO_PinAFConfig)
    GPIO_ReadInputDataBit                    0x080019d5   Thumb Code    14  stm32f4xx_gpio.o(i.GPIO_ReadInputDataBit)
    GPIO_ResetBits                           0x080019e3   Thumb Code     4  stm32f4xx_gpio.o(i.GPIO_ResetBits)
    GPIO_SetBits                             0x080019e7   Thumb Code     4  stm32f4xx_gpio.o(i.GPIO_SetBits)
    Graf_con_u                               0x080019ed   Thumb Code   204  ht1621.o(i.Graf_con_u)
    Graf_cuirrent                            0x08001ac1   Thumb Code   148  ht1621.o(i.Graf_cuirrent)
    Graf_id                                  0x08001b59   Thumb Code   152  ht1621.o(i.Graf_id)
    Graf_qkvar                               0x08001bf5   Thumb Code   150  ht1621.o(i.Graf_qkvar)
    Graf_setid                               0x08001c91   Thumb Code    92  ht1621.o(i.Graf_setid)
    Graf_temp                                0x08001cf1   Thumb Code    92  ht1621.o(i.Graf_temp)
    Graf_ver                                 0x08001d51   Thumb Code   100  ht1621.o(i.Graf_ver)
    HT1621_Init                              0x08001db9   Thumb Code   102  ht1621.o(i.HT1621_Init)
    HT595_Send_Byte                          0x08001e25   Thumb Code    94  ht1621.o(i.HT595_Send_Byte)
    HardFault_Handler                        0x08001e89   Thumb Code     2  stm32f4xx_it.o(i.HardFault_Handler)
    IIC_Ack                                  0x08001e8d   Thumb Code    78  myiic.o(i.IIC_Ack)
    IIC_Init                                 0x08001ee1   Thumb Code    68  myiic.o(i.IIC_Init)
    IIC_NAck                                 0x08001f29   Thumb Code    78  myiic.o(i.IIC_NAck)
    IIC_Read_Byte                            0x08001f7d   Thumb Code   114  myiic.o(i.IIC_Read_Byte)
    IIC_Send_Byte                            0x08001ff5   Thumb Code   120  myiic.o(i.IIC_Send_Byte)
    IIC_Start                                0x08002071   Thumb Code    78  myiic.o(i.IIC_Start)
    IIC_Stop                                 0x080020c5   Thumb Code    78  myiic.o(i.IIC_Stop)
    IIC_Wait_Ack                             0x08002119   Thumb Code   104  myiic.o(i.IIC_Wait_Ack)
    Init_ADC                                 0x08002185   Thumb Code   386  main.o(i.Init_ADC)
    KEY_Init                                 0x08002329   Thumb Code    32  key.o(i.KEY_Init)
    LIGHT_backligt_on                        0x0800234d   Thumb Code   156  main.o(i.LIGHT_backligt_on)
    MemManage_Handler                        0x080023e9   Thumb Code     2  stm32f4xx_it.o(i.MemManage_Handler)
    NMI_Handler                              0x080023eb   Thumb Code     2  stm32f4xx_it.o(i.NMI_Handler)
    NVIC_Configuration                       0x080023ed   Thumb Code     8  sys.o(i.NVIC_Configuration)
    NVIC_Init                                0x080023f5   Thumb Code    92  misc.o(i.NVIC_Init)
    NVIC_PriorityGroupConfig                 0x08002459   Thumb Code    10  misc.o(i.NVIC_PriorityGroupConfig)
    OSDebugInit                              0x0800246d   Thumb Code     2  os_dbg.o(i.OSDebugInit)
    OSEventNameSet                           0x08002471   Thumb Code    70  os_core.o(i.OSEventNameSet)
    OSInit                                   0x080024bd   Thumb Code   178  os_core.o(i.OSInit)
    OSInitHookBegin                          0x080025a5   Thumb Code     8  os_cpu_c.o(i.OSInitHookBegin)
    OSInitHookEnd                            0x080025b1   Thumb Code     2  os_cpu_c.o(i.OSInitHookEnd)
    OSIntEnter                               0x080025b5   Thumb Code    20  os_core.o(i.OSIntEnter)
    OSIntExit                                0x080025cd   Thumb Code    82  os_core.o(i.OSIntExit)
    OSMboxCreate                             0x08002629   Thumb Code    62  os_mbox.o(i.OSMboxCreate)
    OSMboxPend                               0x08002675   Thumb Code   202  os_mbox.o(i.OSMboxPend)
    OSMboxPost                               0x0800274d   Thumb Code    88  os_mbox.o(i.OSMboxPost)
    OSSchedLock                              0x080027a5   Thumb Code    38  os_core.o(i.OSSchedLock)
    OSSchedUnlock                            0x080027d1   Thumb Code    54  os_core.o(i.OSSchedUnlock)
    OSSemCreate                              0x0800280d   Thumb Code    62  os_sem.o(i.OSSemCreate)
    OSSemPend                                0x08002859   Thumb Code   180  os_sem.o(i.OSSemPend)
    OSSemPost                                0x08002919   Thumb Code    88  os_sem.o(i.OSSemPost)
    OSStart                                  0x08002971   Thumb Code    38  os_core.o(i.OSStart)
    OSStatInit                               0x080029a1   Thumb Code    48  os_core.o(i.OSStatInit)
    OSTCBInitHook                            0x080029d5   Thumb Code     4  os_cpu_c.o(i.OSTCBInitHook)
    OSTaskCreate                             0x080029d9   Thumb Code   132  os_task.o(i.OSTaskCreate)
    OSTaskCreateExt                          0x08002a69   Thumb Code   166  os_task.o(i.OSTaskCreateExt)
    OSTaskCreateHook                         0x08002b1d   Thumb Code     4  os_cpu_c.o(i.OSTaskCreateHook)
    OSTaskIdleHook                           0x08002b21   Thumb Code     4  os_cpu_c.o(i.OSTaskIdleHook)
    OSTaskNameSet                            0x08002b25   Thumb Code    94  os_task.o(i.OSTaskNameSet)
    OSTaskResume                             0x08002b91   Thumb Code   144  os_task.o(i.OSTaskResume)
    OSTaskStatHook                           0x08002c31   Thumb Code     4  os_cpu_c.o(i.OSTaskStatHook)
    OSTaskStkChk                             0x08002c35   Thumb Code   128  os_task.o(i.OSTaskStkChk)
    OSTaskStkInit                            0x08002cbd   Thumb Code   100  os_cpu_c.o(i.OSTaskStkInit)
    OSTaskSuspend                            0x08002d21   Thumb Code   158  os_task.o(i.OSTaskSuspend)
    OSTaskSwHook                             0x08002dd1   Thumb Code     4  os_cpu_c.o(i.OSTaskSwHook)
    OSTimeDly                                0x08002dd5   Thumb Code    88  os_time.o(i.OSTimeDly)
    OSTimeTick                               0x08002e41   Thumb Code   166  os_core.o(i.OSTimeTick)
    OSTimeTickHook                           0x08002eed   Thumb Code    34  os_cpu_c.o(i.OSTimeTickHook)
    OSTmrSignal                              0x08002f15   Thumb Code     8  os_tmr.o(i.OSTmrSignal)
    OSTmr_Init                               0x08002f21   Thumb Code   194  os_tmr.o(i.OSTmr_Init)
    OSView_RxHandler                         0x0800314d   Thumb Code   148  os_view.o(i.OSView_RxHandler)
    OSView_RxTxISRHandler                    0x080031e9   Thumb Code    88  os_viewc.o(i.OSView_RxTxISRHandler)
    OSView_TaskCreateHook                    0x08003249   Thumb Code    16  os_view.o(i.OSView_TaskCreateHook)
    OSView_TaskSwHook                        0x08003259   Thumb Code    28  os_view.o(i.OSView_TaskSwHook)
    OSView_TickHook                          0x0800327d   Thumb Code     4  os_view.o(i.OSView_TickHook)
    OSView_TimeGetCycles                     0x08003281   Thumb Code    38  os_view.o(i.OSView_TimeGetCycles)
    OSView_TmrRd                             0x080032ad   Thumb Code     8  os_viewc.o(i.OSView_TmrRd)
    OSView_Tx1                               0x080032b5   Thumb Code     8  os_viewc.o(i.OSView_Tx1)
    OSView_TxHandler                         0x080032c1   Thumb Code   302  os_view.o(i.OSView_TxHandler)
    OSView_TxIntDis                          0x080033f9   Thumb Code    12  os_viewc.o(i.OSView_TxIntDis)
    OS_CPU_SysTickInit                       0x08003409   Thumb Code    48  os_cpu_c.o(i.OS_CPU_SysTickInit)
    OS_EventTaskRdy                          0x08003441   Thumb Code   108  os_core.o(i.OS_EventTaskRdy)
    OS_EventTaskRemove                       0x080034b9   Thumb Code    36  os_core.o(i.OS_EventTaskRemove)
    OS_EventTaskRemoveMulti                  0x080034dd   Thumb Code    60  os_core.o(i.OS_EventTaskRemoveMulti)
    OS_EventTaskWait                         0x08003519   Thumb Code    86  os_core.o(i.OS_EventTaskWait)
    OS_EventWaitListInit                     0x08003575   Thumb Code    20  os_core.o(i.OS_EventWaitListInit)
    OS_FlagInit                              0x08003589   Thumb Code    62  os_flag.o(i.OS_FlagInit)
    OS_MemClr                                0x0800369d   Thumb Code    18  os_core.o(i.OS_MemClr)
    OS_MemInit                               0x080036b1   Thumb Code    64  os_mem.o(i.OS_MemInit)
    OS_QInit                                 0x080036fd   Thumb Code    56  os_q.o(i.OS_QInit)
    OS_Sched                                 0x0800373d   Thumb Code    64  os_core.o(i.OS_Sched)
    OS_TCBInit                               0x080037a5   Thumb Code   264  os_core.o(i.OS_TCBInit)
    OS_TaskIdle                              0x080038b9   Thumb Code    24  os_core.o(i.OS_TaskIdle)
    OS_TaskStat                              0x080038d5   Thumb Code    82  os_core.o(i.OS_TaskStat)
    OS_TaskStatStkChk                        0x0800392d   Thumb Code    50  os_core.o(i.OS_TaskStatStkChk)
    OS_TaskStkClr                            0x08003965   Thumb Code    22  os_task.o(i.OS_TaskStkClr)
    RCC_AHB1PeriphClockCmd                   0x0800397d   Thumb Code    18  stm32f4xx_rcc.o(i.RCC_AHB1PeriphClockCmd)
    RCC_APB1PeriphClockCmd                   0x08003995   Thumb Code    18  stm32f4xx_rcc.o(i.RCC_APB1PeriphClockCmd)
    RCC_APB1PeriphResetCmd                   0x080039ad   Thumb Code    18  stm32f4xx_rcc.o(i.RCC_APB1PeriphResetCmd)
    RCC_APB2PeriphClockCmd                   0x080039c5   Thumb Code    18  stm32f4xx_rcc.o(i.RCC_APB2PeriphClockCmd)
    RCC_GetClocksFreq                        0x080039dd   Thumb Code   138  stm32f4xx_rcc.o(i.RCC_GetClocksFreq)
    RS485_Init                               0x08003a75   Thumb Code   254  main.o(i.RS485_Init)
    RS485_Send_Data                          0x08003b81   Thumb Code   122  main.o(i.RS485_Send_Data)
    SVC_Handler                              0x08003c79   Thumb Code     2  stm32f4xx_it.o(i.SVC_Handler)
    SYSCFG_EXTILineConfig                    0x08003c7d   Thumb Code    34  stm32f4xx_syscfg.o(i.SYSCFG_EXTILineConfig)
    SendBit_1621                             0x08003ca5   Thumb Code    78  ht1621.o(i.SendBit_1621)
    SendCmd                                  0x08003cf9   Thumb Code    42  ht1621.o(i.SendCmd)
    SendDataBit_1621                         0x08003d29   Thumb Code    76  ht1621.o(i.SendDataBit_1621)
    SysTick_CLKSourceConfig                  0x08003e15   Thumb Code    24  misc.o(i.SysTick_CLKSourceConfig)
    SysTick_Handler                          0x08003e2d   Thumb Code    30  stm32f4xx_it.o(i.SysTick_Handler)
    SystemInit                               0x08003e51   Thumb Code    74  system_stm32f4xx.o(i.SystemInit)
    TIM3_IRQHandler                          0x08003ead   Thumb Code    72  main.o(i.TIM3_IRQHandler)
    TIM3_Int_Init                            0x08003f01   Thumb Code    94  main.o(i.TIM3_Int_Init)
    TIM_ClearITPendingBit                    0x08003f65   Thumb Code     6  stm32f4xx_tim.o(i.TIM_ClearITPendingBit)
    TIM_Cmd                                  0x08003f6b   Thumb Code    20  stm32f4xx_tim.o(i.TIM_Cmd)
    TIM_GetCounter                           0x08003f7f   Thumb Code     4  stm32f4xx_tim.o(i.TIM_GetCounter)
    TIM_GetITStatus                          0x08003f83   Thumb Code    22  stm32f4xx_tim.o(i.TIM_GetITStatus)
    TIM_ITConfig                             0x08003f99   Thumb Code    16  stm32f4xx_tim.o(i.TIM_ITConfig)
    TIM_TimeBaseInit                         0x08003fa9   Thumb Code   100  stm32f4xx_tim.o(i.TIM_TimeBaseInit)
    USART2_IRQHandler                        0x08004029   Thumb Code   174  main.o(i.USART2_IRQHandler)
    USART3_IRQHandler                        0x080040e5   Thumb Code     4  stm32f4xx_it.o(i.USART3_IRQHandler)
    USART_ClearITPendingBit                  0x080040e9   Thumb Code    12  stm32f4xx_usart.o(i.USART_ClearITPendingBit)
    USART_Cmd                                0x080040f5   Thumb Code    20  stm32f4xx_usart.o(i.USART_Cmd)
    USART_GetFlagStatus                      0x08004109   Thumb Code    14  stm32f4xx_usart.o(i.USART_GetFlagStatus)
    USART_GetITStatus                        0x08004117   Thumb Code    62  stm32f4xx_usart.o(i.USART_GetITStatus)
    USART_ITConfig                           0x08004155   Thumb Code    48  stm32f4xx_usart.o(i.USART_ITConfig)
    USART_Init                               0x08004185   Thumb Code   174  stm32f4xx_usart.o(i.USART_Init)
    USART_ReceiveData                        0x0800423d   Thumb Code     8  stm32f4xx_usart.o(i.USART_ReceiveData)
    USART_SendData                           0x08004245   Thumb Code     8  stm32f4xx_usart.o(i.USART_SendData)
    UsageFault_Handler                       0x0800424d   Thumb Code     2  stm32f4xx_it.o(i.UsageFault_Handler)
    WriteAll_1621                            0x08004251   Thumb Code    72  ht1621.o(i.WriteAll_1621)
    Write_1621                               0x0800429d   Thumb Code    54  ht1621.o(i.Write_1621)
    __ARM_fpclassify                         0x080042d9   Thumb Code    48  fpclassify.o(i.__ARM_fpclassify)
    __hardfp_atan                            0x08004309   Thumb Code   636  atan.o(i.__hardfp_atan)
    __hardfp_atan2                           0x080045f1   Thumb Code   422  atan2.o(i.__hardfp_atan2)
    __kernel_poly                            0x080047d9   Thumb Code   248  poly.o(i.__kernel_poly)
    __mathlib_dbl_underflow                  0x080048d1   Thumb Code    24  dunder.o(i.__mathlib_dbl_underflow)
    allphase                                 0x080048f1   Thumb Code   252  main.o(i.allphase)
    atan                                     0x08004a15   Thumb Code    16  atan.o(i.atan)
    change_Queue                             0x08004a25   Thumb Code  1944  main.o(i.change_Queue)
    change_Queue_dis                         0x080051bd   Thumb Code  1012  main.o(i.change_Queue_dis)
    comp_16                                  0x080055b1   Thumb Code     8  main.o(i.comp_16)
    computer_gonglu                          0x080055b9   Thumb Code 10332  main.o(i.computer_gonglu)
    computer_trans_rs485                     0x08007e19   Thumb Code   192  main.o(i.computer_trans_rs485)
    delay_init                               0x08007f11   Thumb Code    58  delay.o(i.delay_init)
    delay_ms                                 0x08007f59   Thumb Code    52  delay.o(i.delay_ms)
    delay_us                                 0x08007f95   Thumb Code    50  delay.o(i.delay_us)
    fabs                                     0x08007fcd   Thumb Code    32  fabs.o(i.fabs)
    init_Queue                               0x08007fed   Thumb Code   752  main.o(i.init_Queue)
    init_Queue_dis                           0x080082dd   Thumb Code  1032  main.o(i.init_Queue_dis)
    initmybox                                0x080086e5   Thumb Code    28  main.o(i.initmybox)
    inquiry_slave_status_comm                0x08008705   Thumb Code    88  main.o(i.inquiry_slave_status_comm)
    inquiry_slave_status_dis                 0x08008765   Thumb Code    68  main.o(i.inquiry_slave_status_dis)
    key_idset                                0x080087b1   Thumb Code   548  key.o(i.key_idset)
    main                                     0x080089dd   Thumb Code   222  main.o(i.main)
    order_trans_rs485                        0x08008add   Thumb Code   120  main.o(i.order_trans_rs485)
    rs485_trans_computer                     0x08008b6d   Thumb Code   236  main.o(i.rs485_trans_computer)
    rs485_trans_status_comm                  0x08008c91   Thumb Code    88  main.o(i.rs485_trans_status_comm)
    rs485_trans_status_dis                   0x08008ce9   Thumb Code   106  main.o(i.rs485_trans_status_dis)
    scanf_slave_machine                      0x08008d55   Thumb Code   386  main.o(i.scanf_slave_machine)
    set_now_mystatus                         0x08008ee1   Thumb Code    28  main.o(i.set_now_mystatus)
    set_statuslist                           0x08008f01   Thumb Code    96  main.o(i.set_statuslist)
    status_trans_rs485_dis                   0x08008f61   Thumb Code    50  main.o(i.status_trans_rs485_dis)
    subswitchABC_onoff                       0x08008f99   Thumb Code  1032  main.o(i.subswitchABC_onoff)
    turn_master_id                           0x080093a1   Thumb Code    58  main.o(i.turn_master_id)
    __aeabi_dneg                             0x0800948d   Thumb Code     0  basic.o(x$fpl$basic)
    _dneg                                    0x0800948d   Thumb Code     6  basic.o(x$fpl$basic)
    __aeabi_fneg                             0x08009493   Thumb Code     0  basic.o(x$fpl$basic)
    _fneg                                    0x08009493   Thumb Code     6  basic.o(x$fpl$basic)
    _dabs                                    0x08009499   Thumb Code     6  basic.o(x$fpl$basic)
    _fabs                                    0x0800949f   Thumb Code     6  basic.o(x$fpl$basic)
    __aeabi_d2f                              0x080094a5   Thumb Code     0  d2f.o(x$fpl$d2f)
    _d2f                                     0x080094a5   Thumb Code    98  d2f.o(x$fpl$d2f)
    __aeabi_dadd                             0x08009509   Thumb Code     0  daddsub_clz.o(x$fpl$dadd)
    _dadd                                    0x08009509   Thumb Code   332  daddsub_clz.o(x$fpl$dadd)
    __fpl_dcmp_Inf                           0x08009659   Thumb Code    24  dcmpi.o(x$fpl$dcmpinf)
    __aeabi_ddiv                             0x08009671   Thumb Code     0  ddiv.o(x$fpl$ddiv)
    _ddiv                                    0x08009671   Thumb Code   552  ddiv.o(x$fpl$ddiv)
    __aeabi_d2uiz                            0x08009921   Thumb Code     0  dfixu.o(x$fpl$dfixu)
    _dfixu                                   0x08009921   Thumb Code    90  dfixu.o(x$fpl$dfixu)
    __aeabi_i2d                              0x0800997b   Thumb Code     0  dflt_clz.o(x$fpl$dflt)
    _dflt                                    0x0800997b   Thumb Code    46  dflt_clz.o(x$fpl$dflt)
    __aeabi_ui2d                             0x080099a9   Thumb Code     0  dflt_clz.o(x$fpl$dfltu)
    _dfltu                                   0x080099a9   Thumb Code    38  dflt_clz.o(x$fpl$dfltu)
    __aeabi_cdcmple                          0x080099d1   Thumb Code     0  dleqf.o(x$fpl$dleqf)
    _dcmple                                  0x080099d1   Thumb Code   120  dleqf.o(x$fpl$dleqf)
    __fpl_dcmple_InfNaN                      0x08009a33   Thumb Code     0  dleqf.o(x$fpl$dleqf)
    __aeabi_dmul                             0x08009a49   Thumb Code     0  dmul.o(x$fpl$dmul)
    _dmul                                    0x08009a49   Thumb Code   332  dmul.o(x$fpl$dmul)
    __fpl_dnaninf                            0x08009b9d   Thumb Code   156  dnaninf.o(x$fpl$dnaninf)
    __fpl_dretinf                            0x08009c39   Thumb Code    12  dretinf.o(x$fpl$dretinf)
    __aeabi_cdrcmple                         0x08009c45   Thumb Code     0  drleqf.o(x$fpl$drleqf)
    _drcmple                                 0x08009c45   Thumb Code   108  drleqf.o(x$fpl$drleqf)
    __aeabi_drsub                            0x08009cb1   Thumb Code     0  daddsub_clz.o(x$fpl$drsb)
    _drsb                                    0x08009cb1   Thumb Code    22  daddsub_clz.o(x$fpl$drsb)
    __aeabi_dsub                             0x08009cc9   Thumb Code     0  daddsub_clz.o(x$fpl$dsub)
    _dsub                                    0x08009cc9   Thumb Code   464  daddsub_clz.o(x$fpl$dsub)
    __aeabi_f2d                              0x08009e9d   Thumb Code     0  f2d.o(x$fpl$f2d)
    _f2d                                     0x08009e9d   Thumb Code    86  f2d.o(x$fpl$f2d)
    __fpl_fnaninf                            0x08009ef3   Thumb Code   140  fnaninf.o(x$fpl$fnaninf)
    _fp_init                                 0x08009f7f   Thumb Code    10  fpinit.o(x$fpl$fpinit)
    __fplib_config_fpu_vfp                   0x08009f87   Thumb Code     0  fpinit.o(x$fpl$fpinit)
    __fplib_config_pureend_doubles           0x08009f87   Thumb Code     0  fpinit.o(x$fpl$fpinit)
    __fpl_fretinf                            0x08009f89   Thumb Code    10  fretinf.o(x$fpl$fretinf)
    __I$use$fp                               0x08009f93   Thumb Code     0  usenofp.o(x$fpl$usenofp)
    OSUnMapTbl                               0x08009fb4   Data         256  os_core.o(.constdata)
    armBitRevTable                           0x080104c0   Data         512  arm_common_tables.o(.constdata)
    __mathlib_zero                           0x08010758   Data           8  qnan.o(.constdata)
    Region$$Table$$Base                      0x08010760   Number         0  anon$$obj.o(Region$$Table)
    Region$$Table$$Limit                     0x08010780   Number         0  anon$$obj.o(Region$$Table)
    RS485_RX_CNT                             0x20000000   Data           1  main.o(.data)
    auto_on                                  0x20000001   Data           1  main.o(.data)
    cont                                     0x20000002   Data           1  main.o(.data)
    L_C_flag_A                               0x20000003   Data           1  main.o(.data)
    phase_flag                               0x20000004   Data           1  main.o(.data)
    RT_FLAG                                  0x20000005   Data           1  main.o(.data)
    MASTER                                   0x20000006   Data           1  main.o(.data)
    ADC_Converted_VValue                     0x20000008   Data           2  main.o(.data)
    ADC_Converted_CValue                     0x2000000a   Data           2  main.o(.data)
    ADC_Converted_base                       0x2000000c   Data           2  main.o(.data)
    var                                      0x2000000e   Data           2  main.o(.data)
    dog_clock                                0x20000010   Data           2  main.o(.data)
    T                                        0x20000012   Data           2  main.o(.data)
    scan_init                                0x20000014   Data           2  main.o(.data)
    RS485_MBOX                               0x20000018   Data           4  main.o(.data)
    RS485_STUTAS_MBOX                        0x2000001c   Data           4  main.o(.data)
    RS485_RT                                 0x20000020   Data           4  main.o(.data)
    computer_sem                             0x20000024   Data           4  main.o(.data)
    urgent_sem                               0x20000028   Data           4  main.o(.data)
    SystemCoreClock                          0x20000034   Data           4  system_stm32f4xx.o(.data)
    AHBPrescTable                            0x20000038   Data          16  system_stm32f4xx.o(.data)
    OSCPUUsage                               0x2000005c   Data           1  os_core.o(.data)
    OSStatRdy                                0x2000005d   Data           1  os_core.o(.data)
    OSIntNesting                             0x2000005e   Data           1  os_core.o(.data)
    OSLockNesting                            0x2000005f   Data           1  os_core.o(.data)
    OSPrioCur                                0x20000060   Data           1  os_core.o(.data)
    OSPrioHighRdy                            0x20000061   Data           1  os_core.o(.data)
    OSRdyGrp                                 0x20000062   Data           1  os_core.o(.data)
    OSRunning                                0x20000063   Data           1  os_core.o(.data)
    OSTaskCtr                                0x20000064   Data           1  os_core.o(.data)
    OSTickStepState                          0x20000065   Data           1  os_core.o(.data)
    OSCtxSwCtr                               0x20000068   Data           4  os_core.o(.data)
    OSEventFreeList                          0x2000006c   Data           4  os_core.o(.data)
    OSIdleCtrMax                             0x20000070   Data           4  os_core.o(.data)
    OSIdleCtrRun                             0x20000074   Data           4  os_core.o(.data)
    OSIdleCtr                                0x20000078   Data           4  os_core.o(.data)
    OSTCBCur                                 0x2000007c   Data           4  os_core.o(.data)
    OSTCBFreeList                            0x20000080   Data           4  os_core.o(.data)
    OSTCBHighRdy                             0x20000084   Data           4  os_core.o(.data)
    OSTCBList                                0x20000088   Data           4  os_core.o(.data)
    OSTime                                   0x2000008c   Data           4  os_core.o(.data)
    OSRdyTbl                                 0x20000090   Data           8  os_core.o(.data)
    OSFlagFreeList                           0x20000098   Data           4  os_core.o(.data)
    OSMemFreeList                            0x2000009c   Data           4  os_core.o(.data)
    OSQFreeList                              0x200000a0   Data           4  os_core.o(.data)
    OSTmrFree                                0x200000a4   Data           2  os_core.o(.data)
    OSTmrUsed                                0x200000a6   Data           2  os_core.o(.data)
    OSTmrTime                                0x200000a8   Data           4  os_core.o(.data)
    OSTmrSem                                 0x200000ac   Data           4  os_core.o(.data)
    OSTmrSemSignal                           0x200000b0   Data           4  os_core.o(.data)
    OSTmrFreeList                            0x200000b4   Data           4  os_core.o(.data)
    OSView_RxState                           0x200000b8   Data           1  os_view.o(.data)
    OSView_RxRemainLen                       0x200000b9   Data           1  os_view.o(.data)
    OSView_RxChkSum                          0x200000ba   Data           1  os_view.o(.data)
    OSView_RxBufCnt                          0x200000bb   Data           1  os_view.o(.data)
    OSView_RxRdIx                            0x200000bc   Data           1  os_view.o(.data)
    OSView_TxChkSum                          0x200000bd   Data           1  os_view.o(.data)
    OSView_TxState                           0x200000be   Data           1  os_view.o(.data)
    OSView_TxActiveFlag                      0x200000bf   Data           1  os_view.o(.data)
    OSView_TmrCntsPrev                       0x200000c0   Data           2  os_view.o(.data)
    OSView_RxPktCtr                          0x200000c2   Data           2  os_view.o(.data)
    OSView_TxLen                             0x200000c4   Data           2  os_view.o(.data)
    OSView_TxIx                              0x200000c6   Data           2  os_view.o(.data)
    OSView_TxBufCnt                          0x200000c8   Data           2  os_view.o(.data)
    OSView_TxPktCtr                          0x200000ca   Data           2  os_view.o(.data)
    OSView_TxStrLen                          0x200000cc   Data           2  os_view.o(.data)
    OSView_TxStrDlyCtr                       0x200000ce   Data           2  os_view.o(.data)
    OSView_CyclesCtr                         0x200000d0   Data           4  os_view.o(.data)
    OSView_RxCtr                             0x200000d4   Data           4  os_view.o(.data)
    OSView_TxCtr                             0x200000d8   Data           4  os_view.o(.data)
    OSView_TerminalRxCallbackFnct            0x200000dc   Data           4  os_view.o(.data)
    num456Seg                                0x200000e8   Data          20  ht1621.o(.data)
    num1237Seg                               0x200000fc   Data          20  ht1621.o(.data)
    grafnum                                  0x20000111   Data           1  key.o(.data)
    zhongduan_flag                           0x20000112   Data           1  key.o(.data)
    id_num                                   0x20000113   Data           1  key.o(.data)
    vernum                                   0x20000114   Data           1  key.o(.data)
    hguestnum                                0x20000115   Data           1  key.o(.data)
    gonglvshishu_A                           0x20000116   Data           1  key.o(.data)
    gonglvshishu_B                           0x20000117   Data           1  key.o(.data)
    gonglvshishu_C                           0x20000118   Data           1  key.o(.data)
    tempshuzhi                               0x20000119   Data           1  key.o(.data)
    dianya_zhi_A                             0x2000011a   Data           2  key.o(.data)
    dianya_zhi_B                             0x2000011c   Data           2  key.o(.data)
    dianya_zhi_C                             0x2000011e   Data           2  key.o(.data)
    wugongkvar_A                             0x20000120   Data           2  key.o(.data)
    wugongkvar_B                             0x20000122   Data           2  key.o(.data)
    wugongkvar_C                             0x20000124   Data           2  key.o(.data)
    dianliuzhi_A                             0x20000128   Data           4  key.o(.data)
    dianliuzhi_B                             0x2000012c   Data           4  key.o(.data)
    dianliuzhi_C                             0x20000130   Data           4  key.o(.data)
    gonglvshishu                             0x20000134   Data           1  key.o(.data)
    dianya_zhi                               0x20000136   Data           2  key.o(.data)
    wugongkvar                               0x20000138   Data           2  key.o(.data)
    dianliuzhi                               0x2000013c   Data           4  key.o(.data)
    SETID_TASK_STK                           0x20017440   Data         256  main.o(.bss)
    urgent_TASK_STK                          0x20017540   Data         256  main.o(.bss)
    OSEventTbl                               0x20017658   Data         480  os_core.o(.bss)
    OSTaskStatStk                            0x20017838   Data         256  os_core.o(.bss)
    OSTaskIdleStk                            0x20017938   Data         128  os_core.o(.bss)
    OSTCBPrioTbl                             0x200179b8   Data         256  os_core.o(.bss)
    OSTCBTbl                                 0x20017ab8   Data        1936  os_core.o(.bss)
    OSFlagTbl                                0x20018248   Data          80  os_core.o(.bss)
    OSMemTbl                                 0x20018298   Data         120  os_core.o(.bss)
    OSQTbl                                   0x20018310   Data          96  os_core.o(.bss)
    OSTmrTbl                                 0x20018370   Data         640  os_core.o(.bss)
    OSTmrTaskStk                             0x200185f0   Data         256  os_core.o(.bss)
    OSTmrWheelTbl                            0x200186f0   Data          64  os_core.o(.bss)
    OSView_RxBuf                             0x20018730   Data         128  os_view.o(.bss)
    OSView_TxBuf                             0x200187b0   Data         128  os_view.o(.bss)
    OSView_TxStrBuf                          0x20018830   Data         128  os_view.o(.bss)
    __libspace_start                         0x20018cb0   Data          96  libspace.o(.bss)
    __temporary_stack_top$libspace           0x20018d10   Data           0  libspace.o(.bss)



==============================================================================

Memory Map of the image

  Image Entry point : 0x08000189

  Load Region LR_IROM1 (Base: 0x08000000, Size: 0x000108c0, Max: 0x00080000, ABSOLUTE, COMPRESSED[0x000107d0])

    Execution Region ER_IROM1 (Base: 0x08000000, Size: 0x00010780, Max: 0x00080000, ABSOLUTE)

    Base Addr    Size         Type   Attr      Idx    E Section Name        Object

    0x08000000   0x00000188   Data   RO          793    RESET               startup_stm32f4xx.o
    0x08000188   0x00000008   Code   RO        15268  * !!!main             c_w.l(__main.o)
    0x08000190   0x00000034   Code   RO        15598    !!!scatter          c_w.l(__scatter.o)
    0x080001c4   0x0000005a   Code   RO        15596    !!dczerorl2         c_w.l(__dczerorl2.o)
    0x0800021e   0x00000002   PAD
    0x08000220   0x0000001c   Code   RO        15600    !!handler_zi        c_w.l(__scatter_zi.o)
    0x0800023c   0x00000006   Code   RO        15521    .ARM.Collect$$libinit$$00000000  c_w.l(libinit.o)
    0x08000242   0x00000000   Code   RO        15386    .ARM.Collect$$libinit$$00000006  c_w.l(libinit2.o)
    0x08000242   0x00000000   Code   RO        15388    .ARM.Collect$$libinit$$00000008  c_w.l(libinit2.o)
    0x08000242   0x00000000   Code   RO        15390    .ARM.Collect$$libinit$$0000000A  c_w.l(libinit2.o)
    0x08000242   0x00000000   Code   RO        15393    .ARM.Collect$$libinit$$0000000D  c_w.l(libinit2.o)
    0x08000242   0x00000000   Code   RO        15395    .ARM.Collect$$libinit$$0000000F  c_w.l(libinit2.o)
    0x08000242   0x00000000   Code   RO        15397    .ARM.Collect$$libinit$$00000011  c_w.l(libinit2.o)
    0x08000242   0x00000000   Code   RO        15399    .ARM.Collect$$libinit$$00000013  c_w.l(libinit2.o)
    0x08000242   0x00000000   Code   RO        15401    .ARM.Collect$$libinit$$00000015  c_w.l(libinit2.o)
    0x08000242   0x00000000   Code   RO        15403    .ARM.Collect$$libinit$$00000017  c_w.l(libinit2.o)
    0x08000242   0x00000000   Code   RO        15405    .ARM.Collect$$libinit$$00000019  c_w.l(libinit2.o)
    0x08000242   0x00000000   Code   RO        15407    .ARM.Collect$$libinit$$0000001B  c_w.l(libinit2.o)
    0x08000242   0x00000000   Code   RO        15409    .ARM.Collect$$libinit$$0000001D  c_w.l(libinit2.o)
    0x08000242   0x00000000   Code   RO        15411    .ARM.Collect$$libinit$$0000001F  c_w.l(libinit2.o)
    0x08000242   0x00000000   Code   RO        15413    .ARM.Collect$$libinit$$00000021  c_w.l(libinit2.o)
    0x08000242   0x00000000   Code   RO        15417    .ARM.Collect$$libinit$$00000028  c_w.l(libinit2.o)
    0x08000242   0x00000000   Code   RO        15419    .ARM.Collect$$libinit$$0000002A  c_w.l(libinit2.o)
    0x08000242   0x00000000   Code   RO        15421    .ARM.Collect$$libinit$$0000002C  c_w.l(libinit2.o)
    0x08000242   0x00000000   Code   RO        15423    .ARM.Collect$$libinit$$0000002E  c_w.l(libinit2.o)
    0x08000242   0x00000002   Code   RO        15424    .ARM.Collect$$libinit$$0000002F  c_w.l(libinit2.o)
    0x08000244   0x00000002   Code   RO        15558    .ARM.Collect$$libshutdown$$00000000  c_w.l(libshutdown.o)
    0x08000246   0x00000000   Code   RO        15565    .ARM.Collect$$libshutdown$$00000003  c_w.l(libshutdown2.o)
    0x08000246   0x00000000   Code   RO        15568    .ARM.Collect$$libshutdown$$00000006  c_w.l(libshutdown2.o)
    0x08000246   0x00000000   Code   RO        15571    .ARM.Collect$$libshutdown$$00000009  c_w.l(libshutdown2.o)
    0x08000246   0x00000000   Code   RO        15573    .ARM.Collect$$libshutdown$$0000000B  c_w.l(libshutdown2.o)
    0x08000246   0x00000000   Code   RO        15576    .ARM.Collect$$libshutdown$$0000000E  c_w.l(libshutdown2.o)
    0x08000246   0x00000002   Code   RO        15577    .ARM.Collect$$libshutdown$$0000000F  c_w.l(libshutdown2.o)
    0x08000248   0x00000000   Code   RO        15370    .ARM.Collect$$rtentry$$00000000  c_w.l(rtentry.o)
    0x08000248   0x00000000   Code   RO        15476    .ARM.Collect$$rtentry$$00000002  c_w.l(rtentry2.o)
    0x08000248   0x00000006   Code   RO        15488    .ARM.Collect$$rtentry$$00000004  c_w.l(rtentry4.o)
    0x0800024e   0x00000000   Code   RO        15478    .ARM.Collect$$rtentry$$00000009  c_w.l(rtentry2.o)
    0x0800024e   0x00000004   Code   RO        15479    .ARM.Collect$$rtentry$$0000000A  c_w.l(rtentry2.o)
    0x08000252   0x00000000   Code   RO        15481    .ARM.Collect$$rtentry$$0000000C  c_w.l(rtentry2.o)
    0x08000252   0x00000008   Code   RO        15482    .ARM.Collect$$rtentry$$0000000D  c_w.l(rtentry2.o)
    0x0800025a   0x00000002   Code   RO        15524    .ARM.Collect$$rtexit$$00000000  c_w.l(rtexit.o)
    0x0800025c   0x00000000   Code   RO        15538    .ARM.Collect$$rtexit$$00000002  c_w.l(rtexit2.o)
    0x0800025c   0x00000004   Code   RO        15539    .ARM.Collect$$rtexit$$00000003  c_w.l(rtexit2.o)
    0x08000260   0x00000006   Code   RO        15540    .ARM.Collect$$rtexit$$00000004  c_w.l(rtexit2.o)
    0x08000266   0x00000002   PAD
    0x08000268   0x00000040   Code   RO          794    .text               startup_stm32f4xx.o
    0x080002a8   0x000000a4   Code   RO         4824    .text               os_cpu_a.o
    0x0800034c   0x0000002a   Code   RO         5707    .text               cpu_a.o
    0x08000376   0x00000002   PAD
    0x08000378   0x000000d0   Code   RO        12006    .text               arm_cortexM4lf_math.lib(arm_cos_f32.o)
    0x08000448   0x000000f0   Code   RO        12049    .text               arm_cortexM4lf_math.lib(arm_cmplx_mag_f32.o)
    0x08000538   0x0000022c   Code   RO        12065    .text               arm_cortexM4lf_math.lib(arm_rfft_f32.o)
    0x08000764   0x00000074   Code   RO        12082    .text               arm_cortexM4lf_math.lib(arm_rfft_init_f32.o)
    0x080007d8   0x0000007c   Code   RO        12100    .text               arm_cortexM4lf_math.lib(arm_max_f32.o)
    0x08000854   0x00000792   Code   RO        14493    .text               arm_cortexM4lf_math.lib(arm_cfft_radix4_f32.o)
    0x08000fe6   0x00000002   PAD
    0x08000fe8   0x00000098   Code   RO        14510    .text               arm_cortexM4lf_math.lib(arm_cfft_radix4_init_f32.o)
    0x08001080   0x00000064   Code   RO        15260    .text               c_w.l(rt_memcpy_w.o)
    0x080010e4   0x00000006   Code   RO        15266    .text               c_w.l(heapauxi.o)
    0x080010ea   0x00000002   PAD
    0x080010ec   0x00000008   Code   RO        15505    .text               c_w.l(libspace.o)
    0x080010f4   0x0000004a   Code   RO        15508    .text               c_w.l(sys_stackheap_outer.o)
    0x0800113e   0x0000000c   Code   RO        15510    .text               c_w.l(exit.o)
    0x0800114a   0x00000002   Code   RO        15534    .text               c_w.l(use_no_semi.o)
    0x0800114c   0x00000000   Code   RO        15536    .text               c_w.l(indicate_semi.o)
    0x0800114c   0x0000000c   Code   RO        15550    .text               c_w.l(sys_exit.o)
    0x08001158   0x00000020   Code   RO            2    i.ADC1_CH1_DMA_Config_CA  main.o
    0x08001178   0x00000020   Code   RO            3    i.ADC1_CH1_DMA_Config_VC_phase  main.o
    0x08001198   0x00000020   Code   RO            4    i.ADC1_CH4_DMA_Config_CB  main.o
    0x080011b8   0x00000020   Code   RO            5    i.ADC1_CH7_DMA_Config_CC  main.o
    0x080011d8   0x00000020   Code   RO            6    i.ADC2_CH13_DMA_Config_A1  main.o
    0x080011f8   0x00000020   Code   RO            7    i.ADC2_CH14_DMA_Config_B1  main.o
    0x08001218   0x00000020   Code   RO            8    i.ADC2_CH15_DMA_Config_C1  main.o
    0x08001238   0x000000d8   Code   RO            9    i.ADC2_CH8_DMA_Config_VEE  main.o
    0x08001310   0x00000020   Code   RO           10    i.ADC3_CH10_DMA_Config_VA  main.o
    0x08001330   0x00000020   Code   RO           11    i.ADC3_CH11_DMA_Config_VB  main.o
    0x08001350   0x00000020   Code   RO           12    i.ADC3_CH12_DMA_Config_VC  main.o
    0x08001370   0x00000014   Code   RO          878    i.ADC_Cmd           stm32f4xx_adc.o
    0x08001384   0x00000030   Code   RO          879    i.ADC_CommonInit    stm32f4xx_adc.o
    0x080013b4   0x00000014   Code   RO          882    i.ADC_DMACmd        stm32f4xx_adc.o
    0x080013c8   0x00000014   Code   RO          883    i.ADC_DMARequestAfterLastTransferCmd  stm32f4xx_adc.o
    0x080013dc   0x0000004c   Code   RO          898    i.ADC_Init          stm32f4xx_adc.o
    0x08001428   0x00000074   Code   RO          903    i.ADC_RegularChannelConfig  stm32f4xx_adc.o
    0x0800149c   0x0000000a   Code   RO          905    i.ADC_SoftwareStartConv  stm32f4xx_adc.o
    0x080014a6   0x00000004   Code   RO         7416    i.AT24CXX_Init      24cxx.o
    0x080014aa   0x00000044   Code   RO         7419    i.AT24CXX_ReadOneByte  24cxx.o
    0x080014ee   0x00000040   Code   RO         7422    i.AT24CXX_WriteOneByte  24cxx.o
    0x0800152e   0x00000002   Code   RO         5602    i.App_TCBInitHook   os_apphooks.o
    0x08001530   0x000000c0   Code   RO           13    i.App_TaskCreate    main.o
    0x080015f0   0x00000004   Code   RO         5603    i.App_TaskCreateHook  os_apphooks.o
    0x080015f4   0x00000002   Code   RO         5605    i.App_TaskIdleHook  os_apphooks.o
    0x080015f6   0x0000000c   Code   RO           14    i.App_TaskLCD       main.o
    0x08001602   0x00000002   PAD
    0x08001604   0x0000007c   Code   RO           15    i.App_TaskMaster    main.o
    0x08001680   0x00000014   Code   RO           16    i.App_TaskStart     main.o
    0x08001694   0x00000002   Code   RO         5607    i.App_TaskStatHook  os_apphooks.o
    0x08001696   0x00000004   Code   RO         5608    i.App_TaskSwHook    os_apphooks.o
    0x0800169a   0x00000002   PAD
    0x0800169c   0x00000080   Code   RO           17    i.App_Taskcomputer  main.o
    0x0800171c   0x00000038   Code   RO           18    i.App_Taskslave_three  main.o
    0x08001754   0x00000004   Code   RO         5609    i.App_TimeTickHook  os_apphooks.o
    0x08001758   0x00000002   Code   RO          622    i.BusFault_Handler  stm32f4xx_it.o
    0x0800175a   0x00000020   Code   RO         7473    i.Clera_lcd         ht1621.o
    0x0800177a   0x00000014   Code   RO         1753    i.DMA_Cmd           stm32f4xx_dma.o
    0x0800178e   0x00000002   PAD
    0x08001790   0x00000054   Code   RO         1765    i.DMA_Init          stm32f4xx_dma.o
    0x080017e4   0x00000002   Code   RO          623    i.DebugMon_Handler  stm32f4xx_it.o
    0x080017e6   0x00000002   PAD
    0x080017e8   0x0000002c   Code   RO           19    i.EXTI15_10_IRQHandler  main.o
    0x08001814   0x0000000c   Code   RO         1876    i.EXTI_ClearITPendingBit  stm32f4xx_exti.o
    0x08001820   0x00000074   Code   RO           20    i.EXTI_Configuration  main.o
    0x08001894   0x00000010   Code   RO         1878    i.EXTI_GenerateSWInterrupt  stm32f4xx_exti.o
    0x080018a4   0x00000020   Code   RO         1880    i.EXTI_GetITStatus  stm32f4xx_exti.o
    0x080018c4   0x00000074   Code   RO         1881    i.EXTI_Init         stm32f4xx_exti.o
    0x08001938   0x0000007c   Code   RO         2248    i.GPIO_Init         stm32f4xx_gpio.o
    0x080019b4   0x00000020   Code   RO         2249    i.GPIO_PinAFConfig  stm32f4xx_gpio.o
    0x080019d4   0x0000000e   Code   RO         2252    i.GPIO_ReadInputDataBit  stm32f4xx_gpio.o
    0x080019e2   0x00000004   Code   RO         2255    i.GPIO_ResetBits    stm32f4xx_gpio.o
    0x080019e6   0x00000004   Code   RO         2256    i.GPIO_SetBits      stm32f4xx_gpio.o
    0x080019ea   0x00000002   PAD
    0x080019ec   0x000000d4   Code   RO         7474    i.Graf_con_u        ht1621.o
    0x08001ac0   0x00000098   Code   RO         7475    i.Graf_cuirrent     ht1621.o
    0x08001b58   0x0000009c   Code   RO         7476    i.Graf_id           ht1621.o
    0x08001bf4   0x0000009c   Code   RO         7477    i.Graf_qkvar        ht1621.o
    0x08001c90   0x00000060   Code   RO         7478    i.Graf_setid        ht1621.o
    0x08001cf0   0x00000060   Code   RO         7479    i.Graf_temp         ht1621.o
    0x08001d50   0x00000068   Code   RO         7480    i.Graf_ver          ht1621.o
    0x08001db8   0x0000006c   Code   RO         7481    i.HT1621_Init       ht1621.o
    0x08001e24   0x00000064   Code   RO         7482    i.HT595_Send_Byte   ht1621.o
    0x08001e88   0x00000002   Code   RO          624    i.HardFault_Handler  stm32f4xx_it.o
    0x08001e8a   0x00000002   PAD
    0x08001e8c   0x00000054   Code   RO         7605    i.IIC_Ack           myiic.o
    0x08001ee0   0x00000048   Code   RO         7606    i.IIC_Init          myiic.o
    0x08001f28   0x00000054   Code   RO         7607    i.IIC_NAck          myiic.o
    0x08001f7c   0x00000078   Code   RO         7608    i.IIC_Read_Byte     myiic.o
    0x08001ff4   0x0000007c   Code   RO         7609    i.IIC_Send_Byte     myiic.o
    0x08002070   0x00000054   Code   RO         7610    i.IIC_Start         myiic.o
    0x080020c4   0x00000054   Code   RO         7611    i.IIC_Stop          myiic.o
    0x08002118   0x0000006c   Code   RO         7612    i.IIC_Wait_Ack      myiic.o
    0x08002184   0x000001a4   Code   RO           21    i.Init_ADC          main.o
    0x08002328   0x00000024   Code   RO         7576    i.KEY_Init          key.o
    0x0800234c   0x0000009c   Code   RO           23    i.LIGHT_backligt_on  main.o
    0x080023e8   0x00000002   Code   RO          625    i.MemManage_Handler  stm32f4xx_it.o
    0x080023ea   0x00000002   Code   RO          626    i.NMI_Handler       stm32f4xx_it.o
    0x080023ec   0x00000008   Code   RO         7399    i.NVIC_Configuration  sys.o
    0x080023f4   0x00000064   Code   RO          832    i.NVIC_Init         misc.o
    0x08002458   0x00000014   Code   RO          833    i.NVIC_PriorityGroupConfig  misc.o
    0x0800246c   0x00000002   Code   RO         4802    i.OSDebugInit       os_dbg.o
    0x0800246e   0x00000002   PAD
    0x08002470   0x0000004c   Code   RO         4828    i.OSEventNameSet    os_core.o
    0x080024bc   0x000000e8   Code   RO         4830    i.OSInit            os_core.o
    0x080025a4   0x0000000c   Code   RO         4698    i.OSInitHookBegin   os_cpu_c.o
    0x080025b0   0x00000002   Code   RO         4699    i.OSInitHookEnd     os_cpu_c.o
    0x080025b2   0x00000002   PAD
    0x080025b4   0x00000018   Code   RO         4831    i.OSIntEnter        os_core.o
    0x080025cc   0x0000005c   Code   RO         4832    i.OSIntExit         os_core.o
    0x08002628   0x0000004c   Code   RO         5115    i.OSMboxCreate      os_mbox.o
    0x08002674   0x000000d8   Code   RO         5117    i.OSMboxPend        os_mbox.o
    0x0800274c   0x00000058   Code   RO         5119    i.OSMboxPost        os_mbox.o
    0x080027a4   0x0000002c   Code   RO         4833    i.OSSchedLock       os_core.o
    0x080027d0   0x0000003c   Code   RO         4834    i.OSSchedUnlock     os_core.o
    0x0800280c   0x0000004c   Code   RO         5336    i.OSSemCreate       os_sem.o
    0x08002858   0x000000c0   Code   RO         5338    i.OSSemPend         os_sem.o
    0x08002918   0x00000058   Code   RO         5340    i.OSSemPost         os_sem.o
    0x08002970   0x00000030   Code   RO         4835    i.OSStart           os_core.o
    0x080029a0   0x00000034   Code   RO         4836    i.OSStatInit        os_core.o
    0x080029d4   0x00000004   Code   RO         4700    i.OSTCBInitHook     os_cpu_c.o
    0x080029d8   0x00000090   Code   RO         5390    i.OSTaskCreate      os_task.o
    0x08002a68   0x000000b4   Code   RO         5391    i.OSTaskCreateExt   os_task.o
    0x08002b1c   0x00000004   Code   RO         4701    i.OSTaskCreateHook  os_cpu_c.o
    0x08002b20   0x00000004   Code   RO         4703    i.OSTaskIdleHook    os_cpu_c.o
    0x08002b24   0x0000006c   Code   RO         5395    i.OSTaskNameSet     os_task.o
    0x08002b90   0x000000a0   Code   RO         5399    i.OSTaskResume      os_task.o
    0x08002c30   0x00000004   Code   RO         4704    i.OSTaskStatHook    os_cpu_c.o
    0x08002c34   0x00000088   Code   RO         5400    i.OSTaskStkChk      os_task.o
    0x08002cbc   0x00000064   Code   RO         4705    i.OSTaskStkInit     os_cpu_c.o
    0x08002d20   0x000000b0   Code   RO         5401    i.OSTaskSuspend     os_task.o
    0x08002dd0   0x00000004   Code   RO         4706    i.OSTaskSwHook      os_cpu_c.o
    0x08002dd4   0x0000006c   Code   RO         5485    i.OSTimeDly         os_time.o
    0x08002e40   0x000000ac   Code   RO         4837    i.OSTimeTick        os_core.o
    0x08002eec   0x00000028   Code   RO         4707    i.OSTimeTickHook    os_cpu_c.o
    0x08002f14   0x0000000c   Code   RO         5525    i.OSTmrSignal       os_tmr.o
    0x08002f20   0x00000128   Code   RO         5530    i.OSTmr_Init        os_tmr.o
    0x08003048   0x00000048   Code   RO         5531    i.OSTmr_Link        os_tmr.o
    0x08003090   0x00000078   Code   RO         5532    i.OSTmr_Task        os_tmr.o
    0x08003108   0x00000044   Code   RO         5533    i.OSTmr_Unlink      os_tmr.o
    0x0800314c   0x0000009c   Code   RO         5837    i.OSView_RxHandler  os_view.o
    0x080031e8   0x00000060   Code   RO         5974    i.OSView_RxTxISRHandler  os_viewc.o
    0x08003248   0x00000010   Code   RO         5839    i.OSView_TaskCreateHook  os_view.o
    0x08003258   0x00000024   Code   RO         5840    i.OSView_TaskSwHook  os_view.o
    0x0800327c   0x00000004   Code   RO         5842    i.OSView_TickHook   os_view.o
    0x08003280   0x0000002c   Code   RO         5843    i.OSView_TimeGetCycles  os_view.o
    0x080032ac   0x00000008   Code   RO         5976    i.OSView_TmrRd      os_viewc.o
    0x080032b4   0x0000000c   Code   RO         5977    i.OSView_Tx1        os_viewc.o
    0x080032c0   0x00000138   Code   RO         5844    i.OSView_TxHandler  os_view.o
    0x080033f8   0x00000010   Code   RO         5978    i.OSView_TxIntDis   os_viewc.o
    0x08003408   0x00000038   Code   RO         4710    i.OS_CPU_SysTickInit  os_cpu_c.o
    0x08003440   0x00000078   Code   RO         4840    i.OS_EventTaskRdy   os_core.o
    0x080034b8   0x00000024   Code   RO         4841    i.OS_EventTaskRemove  os_core.o
    0x080034dc   0x0000003c   Code   RO         4842    i.OS_EventTaskRemoveMulti  os_core.o
    0x08003518   0x0000005c   Code   RO         4843    i.OS_EventTaskWait  os_core.o
    0x08003574   0x00000014   Code   RO         4845    i.OS_EventWaitListInit  os_core.o
    0x08003588   0x0000004c   Code   RO         5042    i.OS_FlagInit       os_flag.o
    0x080035d4   0x00000058   Code   RO         4846    i.OS_InitEventList  os_core.o
    0x0800362c   0x00000070   Code   RO         4847    i.OS_InitTCBList    os_core.o
    0x0800369c   0x00000012   Code   RO         4848    i.OS_MemClr         os_core.o
    0x080036ae   0x00000002   PAD
    0x080036b0   0x0000004c   Code   RO         5174    i.OS_MemInit        os_mem.o
    0x080036fc   0x00000040   Code   RO         5273    i.OS_QInit          os_q.o
    0x0800373c   0x00000048   Code   RO         4850    i.OS_Sched          os_core.o
    0x08003784   0x00000020   Code   RO         4851    i.OS_SchedNew       os_core.o
    0x080037a4   0x00000114   Code   RO         4853    i.OS_TCBInit        os_core.o
    0x080038b8   0x0000001c   Code   RO         4854    i.OS_TaskIdle       os_core.o
    0x080038d4   0x00000058   Code   RO         4855    i.OS_TaskStat       os_core.o
    0x0800392c   0x00000038   Code   RO         4856    i.OS_TaskStatStkChk  os_core.o
    0x08003964   0x00000016   Code   RO         5403    i.OS_TaskStkClr     os_task.o
    0x0800397a   0x00000002   PAD
    0x0800397c   0x00000018   Code   RO         2833    i.RCC_AHB1PeriphClockCmd  stm32f4xx_rcc.o
    0x08003994   0x00000018   Code   RO         2842    i.RCC_APB1PeriphClockCmd  stm32f4xx_rcc.o
    0x080039ac   0x00000018   Code   RO         2844    i.RCC_APB1PeriphResetCmd  stm32f4xx_rcc.o
    0x080039c4   0x00000018   Code   RO         2845    i.RCC_APB2PeriphClockCmd  stm32f4xx_rcc.o
    0x080039dc   0x00000098   Code   RO         2854    i.RCC_GetClocksFreq  stm32f4xx_rcc.o
    0x08003a74   0x0000010c   Code   RO           24    i.RS485_Init        main.o
    0x08003b80   0x00000088   Code   RO           25    i.RS485_Send_Data   main.o
    0x08003c08   0x00000070   Code   RO           26    i.SETID_task        main.o
    0x08003c78   0x00000002   Code   RO          627    i.SVC_Handler       stm32f4xx_it.o
    0x08003c7a   0x00000002   PAD
    0x08003c7c   0x00000028   Code   RO         3870    i.SYSCFG_EXTILineConfig  stm32f4xx_syscfg.o
    0x08003ca4   0x00000054   Code   RO         7483    i.SendBit_1621      ht1621.o
    0x08003cf8   0x00000030   Code   RO         7484    i.SendCmd           ht1621.o
    0x08003d28   0x00000050   Code   RO         7485    i.SendDataBit_1621  ht1621.o
    0x08003d78   0x0000009c   Code   RO          799    i.SetSysClock       system_stm32f4xx.o
    0x08003e14   0x00000018   Code   RO          836    i.SysTick_CLKSourceConfig  misc.o
    0x08003e2c   0x00000024   Code   RO          628    i.SysTick_Handler   stm32f4xx_it.o
    0x08003e50   0x0000005c   Code   RO          801    i.SystemInit        system_stm32f4xx.o
    0x08003eac   0x00000054   Code   RO           27    i.TIM3_IRQHandler   main.o
    0x08003f00   0x00000064   Code   RO           28    i.TIM3_Int_Init     main.o
    0x08003f64   0x00000006   Code   RO         3922    i.TIM_ClearITPendingBit  stm32f4xx_tim.o
    0x08003f6a   0x00000014   Code   RO         3927    i.TIM_Cmd           stm32f4xx_tim.o
    0x08003f7e   0x00000004   Code   RO         3946    i.TIM_GetCounter    stm32f4xx_tim.o
    0x08003f82   0x00000016   Code   RO         3948    i.TIM_GetITStatus   stm32f4xx_tim.o
    0x08003f98   0x00000010   Code   RO         3952    i.TIM_ITConfig      stm32f4xx_tim.o
    0x08003fa8   0x00000080   Code   RO         3999    i.TIM_TimeBaseInit  stm32f4xx_tim.o
    0x08004028   0x000000bc   Code   RO           29    i.USART2_IRQHandler  main.o
    0x080040e4   0x00000004   Code   RO          629    i.USART3_IRQHandler  stm32f4xx_it.o
    0x080040e8   0x0000000c   Code   RO         4457    i.USART_ClearITPendingBit  stm32f4xx_usart.o
    0x080040f4   0x00000014   Code   RO         4460    i.USART_Cmd         stm32f4xx_usart.o
    0x08004108   0x0000000e   Code   RO         4463    i.USART_GetFlagStatus  stm32f4xx_usart.o
    0x08004116   0x0000003e   Code   RO         4464    i.USART_GetITStatus  stm32f4xx_usart.o
    0x08004154   0x00000030   Code   RO         4466    i.USART_ITConfig    stm32f4xx_usart.o
    0x08004184   0x000000b8   Code   RO         4467    i.USART_Init        stm32f4xx_usart.o
    0x0800423c   0x00000008   Code   RO         4474    i.USART_ReceiveData  stm32f4xx_usart.o
    0x08004244   0x00000008   Code   RO         4477    i.USART_SendData    stm32f4xx_usart.o
    0x0800424c   0x00000002   Code   RO          630    i.UsageFault_Handler  stm32f4xx_it.o
    0x0800424e   0x00000002   PAD
    0x08004250   0x0000004c   Code   RO         7486    i.WriteAll_1621     ht1621.o
    0x0800429c   0x0000003c   Code   RO         7487    i.Write_1621        ht1621.o
    0x080042d8   0x00000030   Code   RO        15501    i.__ARM_fpclassify  m_wm.l(fpclassify.o)
    0x08004308   0x000002e8   Code   RO        15440    i.__hardfp_atan     m_wm.l(atan.o)
    0x080045f0   0x000001e8   Code   RO        15322    i.__hardfp_atan2    m_wm.l(atan2.o)
    0x080047d8   0x000000f8   Code   RO        15503    i.__kernel_poly     m_wm.l(poly.o)
    0x080048d0   0x00000020   Code   RO        15499    i.__mathlib_dbl_underflow  m_wm.l(dunder.o)
    0x080048f0   0x000000fc   Code   RO           30    i.allphase          main.o
    0x080049ec   0x00000028   Code   RO           31    i.arm_sqrt_f32      main.o
    0x08004a14   0x00000010   Code   RO        15442    i.atan              m_wm.l(atan.o)
    0x08004a24   0x00000798   Code   RO           32    i.change_Queue      main.o
    0x080051bc   0x000003f4   Code   RO           33    i.change_Queue_dis  main.o
    0x080055b0   0x00000008   Code   RO           34    i.comp_16           main.o
    0x080055b8   0x00002860   Code   RO           35    i.computer_gonglu   main.o
    0x08007e18   0x000000f8   Code   RO           36    i.computer_trans_rs485  main.o
    0x08007f10   0x00000048   Code   RO         7363    i.delay_init        delay.o
    0x08007f58   0x0000003c   Code   RO         7364    i.delay_ms          delay.o
    0x08007f94   0x00000038   Code   RO         7365    i.delay_us          delay.o
    0x08007fcc   0x00000020   Code   RO        15459    i.fabs              m_wm.l(fabs.o)
    0x08007fec   0x000002f0   Code   RO           39    i.init_Queue        main.o
    0x080082dc   0x00000408   Code   RO           40    i.init_Queue_dis    main.o
    0x080086e4   0x00000020   Code   RO           41    i.initmybox         main.o
    0x08008704   0x00000060   Code   RO           42    i.inquiry_slave_status_comm  main.o
    0x08008764   0x0000004c   Code   RO           43    i.inquiry_slave_status_dis  main.o
    0x080087b0   0x0000022c   Code   RO         7577    i.key_idset         key.o
    0x080089dc   0x00000100   Code   RO           44    i.main              main.o
    0x08008adc   0x00000090   Code   RO           45    i.order_trans_rs485  main.o
    0x08008b6c   0x00000124   Code   RO           46    i.rs485_trans_computer  main.o
    0x08008c90   0x00000058   Code   RO           48    i.rs485_trans_status_comm  main.o
    0x08008ce8   0x0000006a   Code   RO           49    i.rs485_trans_status_dis  main.o
    0x08008d52   0x00000002   PAD
    0x08008d54   0x0000018c   Code   RO           50    i.scanf_slave_machine  main.o
    0x08008ee0   0x00000020   Code   RO           51    i.set_now_mystatus  main.o
    0x08008f00   0x00000060   Code   RO           52    i.set_statuslist    main.o
    0x08008f60   0x00000038   Code   RO           53    i.status_trans_rs485_dis  main.o
    0x08008f98   0x00000408   Code   RO           54    i.subswitchABC_onoff  main.o
    0x080093a0   0x00000044   Code   RO           55    i.turn_master_id    main.o
    0x080093e4   0x000000a8   Code   RO           56    i.urgent_task       main.o
    0x0800948c   0x00000018   Code   RO        15425    x$fpl$basic         fz_wm.l(basic.o)
    0x080094a4   0x00000062   Code   RO        15270    x$fpl$d2f           fz_wm.l(d2f.o)
    0x08009506   0x00000002   PAD
    0x08009508   0x00000150   Code   RO        15272    x$fpl$dadd          fz_wm.l(daddsub_clz.o)
    0x08009658   0x00000018   Code   RO        15427    x$fpl$dcmpinf       fz_wm.l(dcmpi.o)
    0x08009670   0x000002b0   Code   RO        15279    x$fpl$ddiv          fz_wm.l(ddiv.o)
    0x08009920   0x0000005a   Code   RO        15288    x$fpl$dfixu         fz_wm.l(dfixu.o)
    0x0800997a   0x0000002e   Code   RO        15293    x$fpl$dflt          fz_wm.l(dflt_clz.o)
    0x080099a8   0x00000026   Code   RO        15292    x$fpl$dfltu         fz_wm.l(dflt_clz.o)
    0x080099ce   0x00000002   PAD
    0x080099d0   0x00000078   Code   RO        15298    x$fpl$dleqf         fz_wm.l(dleqf.o)
    0x08009a48   0x00000154   Code   RO        15300    x$fpl$dmul          fz_wm.l(dmul.o)
    0x08009b9c   0x0000009c   Code   RO        15429    x$fpl$dnaninf       fz_wm.l(dnaninf.o)
    0x08009c38   0x0000000c   Code   RO        15431    x$fpl$dretinf       fz_wm.l(dretinf.o)
    0x08009c44   0x0000006c   Code   RO        15302    x$fpl$drleqf        fz_wm.l(drleqf.o)
    0x08009cb0   0x00000016   Code   RO        15273    x$fpl$drsb          fz_wm.l(daddsub_clz.o)
    0x08009cc6   0x00000002   PAD
    0x08009cc8   0x000001d4   Code   RO        15274    x$fpl$dsub          fz_wm.l(daddsub_clz.o)
    0x08009e9c   0x00000056   Code   RO        15304    x$fpl$f2d           fz_wm.l(f2d.o)
    0x08009ef2   0x0000008c   Code   RO        15435    x$fpl$fnaninf       fz_wm.l(fnaninf.o)
    0x08009f7e   0x0000000a   Code   RO        15532    x$fpl$fpinit        fz_wm.l(fpinit.o)
    0x08009f88   0x0000000a   Code   RO        15437    x$fpl$fretinf       fz_wm.l(fretinf.o)
    0x08009f92   0x00000000   Code   RO        15439    x$fpl$usenofp       fz_wm.l(usenofp.o)
    0x08009f92   0x00000002   PAD
    0x08009f94   0x00000020   Data   RO           58    .constdata          main.o
    0x08009fb4   0x00000100   Data   RO         4864    .constdata          os_core.o
    0x0800a0b4   0x0000040c   Data   RO        12007    .constdata          arm_cortexM4lf_math.lib(arm_cos_f32.o)
    0x0800a4c0   0x00004000   Data   RO        12083    .constdata          arm_cortexM4lf_math.lib(arm_rfft_init_f32.o)
    0x0800e4c0   0x00002000   Data   RO        14511    .constdata          arm_cortexM4lf_math.lib(arm_cfft_radix4_init_f32.o)
    0x080104c0   0x00000200   Data   RO        15123    .constdata          arm_cortexM4lf_math.lib(arm_common_tables.o)
    0x080106c0   0x00000098   Data   RO        15443    .constdata          m_wm.l(atan.o)
    0x08010758   0x00000008   Data   RO        15463    .constdata          m_wm.l(qnan.o)
    0x08010760   0x00000020   Data   RO        15594    Region$$Table       anon$$obj.o


    Execution Region RW_IRAM1 (Base: 0x20000000, Size: 0x00019310, Max: 0x00020000, ABSOLUTE, COMPRESSED[0x00000050])

    Base Addr    Size         Type   Attr      Idx    E Section Name        Object

    0x20000000   0x00000033   Data   RW           59    .data               main.o
    0x20000033   0x00000001   PAD
    0x20000034   0x00000014   Data   RW          802    .data               system_stm32f4xx.o
    0x20000048   0x00000010   Data   RW         2877    .data               stm32f4xx_rcc.o
    0x20000058   0x00000002   Data   RW         4711    .data               os_cpu_c.o
    0x2000005a   0x00000002   PAD
    0x2000005c   0x0000003c   Data   RW         4865    .data               os_core.o
    0x20000098   0x00000004   Data   RW         4866    .data               os_core.o
    0x2000009c   0x00000004   Data   RW         4867    .data               os_core.o
    0x200000a0   0x00000004   Data   RW         4868    .data               os_core.o
    0x200000a4   0x00000002   Data   RW         4869    .data               os_core.o
    0x200000a6   0x00000002   Data   RW         4870    .data               os_core.o
    0x200000a8   0x00000004   Data   RW         4871    .data               os_core.o
    0x200000ac   0x00000004   Data   RW         4872    .data               os_core.o
    0x200000b0   0x00000004   Data   RW         4873    .data               os_core.o
    0x200000b4   0x00000004   Data   RW         4874    .data               os_core.o
    0x200000b8   0x0000002c   Data   RW         5852    .data               os_view.o
    0x200000e4   0x00000004   Data   RW         7367    .data               delay.o
    0x200000e8   0x00000028   Data   RW         7488    .data               ht1621.o
    0x20000110   0x00000024   Data   RW         7578    .data               key.o
    0x20000134   0x00000001   Data   RW         7579    .data               key.o
    0x20000135   0x00000001   PAD
    0x20000136   0x00000002   Data   RW         7580    .data               key.o
    0x20000138   0x00000002   Data   RW         7581    .data               key.o
    0x2000013a   0x00000002   PAD
    0x2000013c   0x00000004   Data   RW         7582    .data               key.o
    0x20000140   0x00017517   Zero   RW           57    .bss                main.o
    0x20017657   0x00000001   PAD
    0x20017658   0x00000bf0   Zero   RW         4857    .bss                os_core.o
    0x20018248   0x00000050   Zero   RW         4858    .bss                os_core.o
    0x20018298   0x00000078   Zero   RW         4859    .bss                os_core.o
    0x20018310   0x00000060   Zero   RW         4860    .bss                os_core.o
    0x20018370   0x00000280   Zero   RW         4861    .bss                os_core.o
    0x200185f0   0x00000100   Zero   RW         4862    .bss                os_core.o
    0x200186f0   0x00000040   Zero   RW         4863    .bss                os_core.o
    0x20018730   0x00000580   Zero   RW         5851    .bss                os_view.o
    0x20018cb0   0x00000060   Zero   RW        15506    .bss                c_w.l(libspace.o)
    0x20018d10   0x00000200   Zero   RW          792    HEAP                startup_stm32f4xx.o
    0x20018f10   0x00000400   Zero   RW          791    STACK               startup_stm32f4xx.o


==============================================================================

Image component sizes


      Code (inc. data)   RO Data    RW Data    ZI Data      Debug   Object Name

       136          0          0          0          0       1764   24cxx.o
        42          0          0          0          0        280   cpu_a.o
       188         28          0          4          0       1983   delay.o
      1560         72          0         40          0      10855   ht1621.o
       592         40          0         45          0       2915   key.o
     21254       1124         32         51      95511     367190   main.o
       144         18          0          0          0       2285   misc.o
       760         42          0          0          0       4970   myiic.o
        18          0          0          0          0       2957   os_apphooks.o
      1898        198        256         92       4312      24905   os_core.o
       164         32          0          0          0        336   os_cpu_a.o
       230         18          0          2          0      34402   os_cpu_c.o
         2          0          0          0          0        546   os_dbg.o
        76         14          0          0          0        650   os_flag.o
       380         28          0          0          0       2901   os_mbox.o
        76         12          0          0          0        601   os_mem.o
        64          8          0          0          0        651   os_q.o
       356         26          0          0          0       2674   os_sem.o
       926         82          0          0          0       6887   os_task.o
       108         20          0          0          0        708   os_time.o
       568        132          0          0          0       3907   os_tmr.o
       568         48          0         44       1408       8257   os_view.o
       132         16          0          0          0       2330   os_viewc.o
        64         26        392          0       1536        880   startup_stm32f4xx.o
       310         18          0          0          0       5919   stm32f4xx_adc.o
       104          4          0          0          0       2541   stm32f4xx_dma.o
       176         20          0          0          0       2995   stm32f4xx_exti.o
       178          0          0          0          0       3843   stm32f4xx_gpio.o
        54          6          0          0          0       4289   stm32f4xx_it.o
       248         38          0         16          0       5388   stm32f4xx_rcc.o
        40          6          0          0          0        720   stm32f4xx_syscfg.o
       196         28          0          0          0       5582   stm32f4xx_tim.o
       356         10          0          0          0       6587   stm32f4xx_usart.o
         8          0          0          0          0        469   sys.o
       248         34          0         20          0       2165   system_stm32f4xx.o

    ----------------------------------------------------------------------
     32252       2148        712        320     102768     526332   Object Totals
         0          0         32          0          0          0   (incl. Generated)
        28          0          0          6          1          0   (incl. Padding)

    ----------------------------------------------------------------------

      Code (inc. data)   RO Data    RW Data    ZI Data      Debug   Library Member Name

      1938          0          0          0          0       4322   arm_cfft_radix4_f32.o
       152         36       8192          0          0       1367   arm_cfft_radix4_init_f32.o
       240          4          0          0          0       1260   arm_cmplx_mag_f32.o
         0          0        512          0          0        607   arm_common_tables.o
       208         20       1036          0          0      14858   arm_cos_f32.o
       124          0          0          0          0       1326   arm_max_f32.o
       556          4          0          0          0       2980   arm_rfft_f32.o
       116          6      16384          0          0       1328   arm_rfft_init_f32.o
        90          0          0          0          0          0   __dczerorl2.o
         8          0          0          0          0         68   __main.o
        52          8          0          0          0          0   __scatter.o
        28          0          0          0          0          0   __scatter_zi.o
        12          0          0          0          0         72   exit.o
         6          0          0          0          0        152   heapauxi.o
         0          0          0          0          0          0   indicate_semi.o
         6          0          0          0          0          0   libinit.o
         2          0          0          0          0          0   libinit2.o
         2          0          0          0          0          0   libshutdown.o
         2          0          0          0          0          0   libshutdown2.o
         8          4          0          0         96         68   libspace.o
       100          0          0          0          0         80   rt_memcpy_w.o
         0          0          0          0          0          0   rtentry.o
        12          0          0          0          0          0   rtentry2.o
         6          0          0          0          0          0   rtentry4.o
         2          0          0          0          0          0   rtexit.o
        10          0          0          0          0          0   rtexit2.o
        12          4          0          0          0         68   sys_exit.o
        74          0          0          0          0         80   sys_stackheap_outer.o
         2          0          0          0          0         68   use_no_semi.o
        24          0          0          0          0        164   basic.o
        98          4          0          0          0        140   d2f.o
       826         16          0          0          0        500   daddsub_clz.o
        24          0          0          0          0        116   dcmpi.o
       688        140          0          0          0        260   ddiv.o
        90          4          0          0          0        140   dfixu.o
        84          0          0          0          0        232   dflt_clz.o
       120          4          0          0          0        140   dleqf.o
       340         12          0          0          0        152   dmul.o
       156          4          0          0          0        140   dnaninf.o
        12          0          0          0          0        116   dretinf.o
       108          0          0          0          0        128   drleqf.o
        86          4          0          0          0        132   f2d.o
       140          4          0          0          0        132   fnaninf.o
        10          0          0          0          0        116   fpinit.o
        10          0          0          0          0        116   fretinf.o
         0          0          0          0          0          0   usenofp.o
       760        108        152          0          0        344   atan.o
       488         66          0          0          0        160   atan2.o
        32          8          0          0          0        124   dunder.o
        32          0          0          0          0        124   fabs.o
        48          0          0          0          0        124   fpclassify.o
       248          0          0          0          0        152   poly.o
         0          0          8          0          0          0   qnan.o

    ----------------------------------------------------------------------
      8208        460      26284          0         96      32456   Library Totals
        16          0          0          0          0          0   (incl. Padding)

    ----------------------------------------------------------------------

      Code (inc. data)   RO Data    RW Data    ZI Data      Debug   Library Name

      3334         70      26124          0          0      28048   arm_cortexM4lf_math.lib
       434         16          0          0         96        656   c_w.l
      2816        192          0          0          0       2724   fz_wm.l
      1608        182        160          0          0       1028   m_wm.l

    ----------------------------------------------------------------------
      8208        460      26284          0         96      32456   Library Totals

    ----------------------------------------------------------------------

==============================================================================


      Code (inc. data)   RO Data    RW Data    ZI Data      Debug   

     40460       2608      26996        320     102864     535476   Grand Totals
     40460       2608      26996         80     102864     535476   ELF Image Totals (compressed)
     40460       2608      26996         80          0          0   ROM Totals

==============================================================================

    Total RO  Size (Code + RO Data)                67456 (  65.88kB)
    Total RW  Size (RW Data + ZI Data)            103184 ( 100.77kB)
    Total ROM Size (Code + RO Data + RW Data)      67536 (  65.95kB)

==============================================================================

